Archive member included to satisfy reference by file (symbol)

app/libapp.a(main.c.obj)      (--whole-archive)
zephyr/libzephyr.a(cbprintf_packaged.c.obj)
                              (--whole-archive)
zephyr/libzephyr.a(dec.c.obj)
                              (--whole-archive)
zephyr/libzephyr.a(hex.c.obj)
                              (--whole-archive)
zephyr/libzephyr.a(printk.c.obj)
                              (--whole-archive)
zephyr/libzephyr.a(rb.c.obj)  (--whole-archive)
zephyr/libzephyr.a(sem.c.obj)
                              (--whole-archive)
zephyr/libzephyr.a(thread_entry.c.obj)
                              (--whole-archive)
zephyr/libzephyr.a(timeutil.c.obj)
                              (--whole-archive)
zephyr/libzephyr.a(heap.c.obj)
                              (--whole-archive)
zephyr/libzephyr.a(heap-validate.c.obj)
                              (--whole-archive)
zephyr/libzephyr.a(bitarray.c.obj)
                              (--whole-archive)
zephyr/libzephyr.a(multi_heap.c.obj)
                              (--whole-archive)
zephyr/libzephyr.a(onoff.c.obj)
                              (--whole-archive)
zephyr/libzephyr.a(notify.c.obj)
                              (--whole-archive)
zephyr/libzephyr.a(cbprintf_complete.c.obj)
                              (--whole-archive)
zephyr/libzephyr.a(assert.c.obj)
                              (--whole-archive)
zephyr/libzephyr.a(mpsc_pbuf.c.obj)
                              (--whole-archive)
zephyr/libzephyr.a(reboot.c.obj)
                              (--whole-archive)
zephyr/libzephyr.a(configs.c.obj)
                              (--whole-archive)
zephyr/libzephyr.a(ipc_service.c.obj)
                              (--whole-archive)
zephyr/libzephyr.a(ipc_rpmsg_static_vrings.c.obj)
                              (--whole-archive)
zephyr/libzephyr.a(ipc_rpmsg.c.obj)
                              (--whole-archive)
zephyr/libzephyr.a(ipc_static_vrings.c.obj)
                              (--whole-archive)
zephyr/libzephyr.a(log_core.c.obj)
                              (--whole-archive)
zephyr/libzephyr.a(log_mgmt.c.obj)
                              (--whole-archive)
zephyr/libzephyr.a(log_cache.c.obj)
                              (--whole-archive)
zephyr/libzephyr.a(log_msg.c.obj)
                              (--whole-archive)
zephyr/libzephyr.a(log_output.c.obj)
                              (--whole-archive)
zephyr/libzephyr.a(log_backend_uart.c.obj)
                              (--whole-archive)
zephyr/libzephyr.a(mem_attr.c.obj)
                              (--whole-archive)
zephyr/libzephyr.a(tracing_none.c.obj)
                              (--whole-archive)
zephyr/libzephyr.a(addr_utils.c.obj)
                              (--whole-archive)
zephyr/libzephyr.a(scan.c.obj)
                              (--whole-archive)
zephyr/libzephyr.a(flash_map_partition_manager.c.obj)
                              (--whole-archive)
zephyr/libzephyr.a(utils.c.obj)
                              (--whole-archive)
zephyr/libzephyr.a(aes_decrypt.c.obj)
                              (--whole-archive)
zephyr/libzephyr.a(aes_encrypt.c.obj)
                              (--whole-archive)
zephyr/libzephyr.a(cmac_mode.c.obj)
                              (--whole-archive)
zephyr/libzephyr.a(sha256.c.obj)
                              (--whole-archive)
zephyr/libzephyr.a(hmac.c.obj)
                              (--whole-archive)
zephyr/libzephyr.a(hmac_prng.c.obj)
                              (--whole-archive)
zephyr/libzephyr.a(nrf_cc3xx_platform_abort_zephyr.c.obj)
                              (--whole-archive)
zephyr/libzephyr.a(nrf_cc3xx_platform_mutex_zephyr.c.obj)
                              (--whole-archive)
zephyr/arch/common/libarch__common.a(sw_isr_common.c.obj)
                              (--whole-archive)
zephyr/arch/arch/arm/core/libarch__arm__core.a(fatal.c.obj)
                              (--whole-archive)
zephyr/arch/arch/arm/core/libarch__arm__core.a(nmi.c.obj)
                              (--whole-archive)
zephyr/arch/arch/arm/core/libarch__arm__core.a(nmi_on_reset.S.obj)
                              (--whole-archive)
zephyr/arch/arch/arm/core/libarch__arm__core.a(tls.c.obj)
                              (--whole-archive)
zephyr/arch/arch/arm/core/cortex_m/libarch__arm__core__cortex_m.a(exc_exit.S.obj)
                              (--whole-archive)
zephyr/arch/arch/arm/core/cortex_m/libarch__arm__core__cortex_m.a(fault.c.obj)
                              (--whole-archive)
zephyr/arch/arch/arm/core/cortex_m/libarch__arm__core__cortex_m.a(fault_s.S.obj)
                              (--whole-archive)
zephyr/arch/arch/arm/core/cortex_m/libarch__arm__core__cortex_m.a(fpu.c.obj)
                              (--whole-archive)
zephyr/arch/arch/arm/core/cortex_m/libarch__arm__core__cortex_m.a(reset.S.obj)
                              (--whole-archive)
[...]
Memory Configuration

Name             Origin             Length             Attributes
FLASH            0x0000000000000000 0x0000000000100000 xr
RAM              0x0000000020000000 0x0000000000070000 xw
IDT_LIST         0x00000000ffff7fff 0x0000000000008000 xw
*default*        0x0000000000000000 0xffffffffffffffff

Linker script and memory map

                0x000000000000cecc                vfprintf = __l_vfprintf
                0x0000000000000000                vfscanf = __l_vfscanf
LOAD zephyr/CMakeFiles/zephyr_final.dir/misc/empty_file.c.obj
LOAD zephyr/CMakeFiles/zephyr_final.dir/isr_tables.c.obj
LOAD zephyr/CMakeFiles/offsets.dir/./arch/arm/core/offsets/offsets.c.obj
LOAD app/libapp.a
LOAD zephyr/libzephyr.a
LOAD zephyr/arch/common/libarch__common.a
LOAD zephyr/arch/arch/arm/core/libarch__arm__core.a
LOAD zephyr/arch/arch/arm/core/cortex_m/libarch__arm__core__cortex_m.a
LOAD zephyr/arch/arch/arm/core/cortex_m/cmse/libarch__arm__core__cortex_m__cmse.a
LOAD zephyr/arch/arch/arm/core/mpu/libarch__arm__core__mpu.a
LOAD zephyr/lib/libc/picolibc/liblib__libc__picolibc.a
LOAD zephyr/lib/libc/common/liblib__libc__common.a
LOAD zephyr/soc/soc/arm/nordic_nrf/libsoc__arm__nordic_nrf.a
LOAD zephyr/boards/arm/nrf5340dk_nrf5340/libboards__arm__nrf5340dk_nrf5340.a
LOAD zephyr/subsys/bluetooth/common/libsubsys__bluetooth__common.a
LOAD zephyr/subsys/bluetooth/host/libsubsys__bluetooth__host.a
LOAD zephyr/subsys/net/libsubsys__net.a
LOAD zephyr/drivers/bluetooth/libdrivers__bluetooth.a
LOAD zephyr/drivers/clock_control/libdrivers__clock_control.a
LOAD zephyr/drivers/console/libdrivers__console.a
LOAD zephyr/drivers/gpio/libdrivers__gpio.a
LOAD zephyr/drivers/mbox/libdrivers__mbox.a
LOAD zephyr/drivers/pinctrl/libdrivers__pinctrl.a
LOAD zephyr/drivers/serial/libdrivers__serial.a
LOAD zephyr/drivers/timer/libdrivers__timer.a
LOAD modules/nrf/lib/fatal_error/lib..__nrf__lib__fatal_error.a
LOAD modules/nrf/drivers/hw_cc3xx/lib..__nrf__drivers__hw_cc3xx.a
LOAD modules/hal_nordic/nrfx/libmodules__hal_nordic__nrfx.a
LOAD modules/libmetal/libmetal/lib/libmetal.a
LOAD modules/open-amp/open-amp/lib/libopen_amp.a
LOAD zephyr/kernel/libkernel.a
LOAD /opt/nordic/ncs/toolchains/580e4ef81c/opt/zephyr-sdk/arm-zephyr-eabi/bin/../lib/gcc/arm-zephyr-eabi/12.2.0/thumb/v8-m.main/nofp/libgcc.a
LOAD zephyr/arch/common/libisr_tables.a
LOAD /opt/nordic/ncs/v2.6.0/nrfxlib/crypto/nrf_cc312_platform/lib/cortex-m33/soft-float/no-interrupts/libnrf_cc312_platform_0.9.19.a
LOAD /opt/nordic/ncs/toolchains/580e4ef81c/opt/zephyr-sdk/arm-zephyr-eabi/bin/../lib/gcc/../../picolibc/arm-zephyr-eabi/lib/thumb/v8-m.main/nofp/libc.a
LOAD /opt/nordic/ncs/toolchains/580e4ef81c/opt/zephyr-sdk/arm-zephyr-eabi/bin/../lib/gcc/arm-zephyr-eabi/12.2.0/thumb/v8-m.main/nofp/libgcc.a
                0x0000000000000020                _region_min_align = 0x20

.rel.plt        0x0000000000000000        0x0
 *(SORT_BY_ALIGNMENT(.rel.plt))
                [!provide]                        PROVIDE (__rel_iplt_start = .)
 *(SORT_BY_ALIGNMENT(.rel.iplt))
 .rel.iplt      0x0000000000000000        0x0 zephyr/CMakeFiles/zephyr_final.dir/isr_tables.c.obj
                [!provide]                        PROVIDE (__rel_iplt_end = .)

.rela.plt       0x0000000000000000        0x0
 *(SORT_BY_ALIGNMENT(.rela.plt))
                [!provide]                        PROVIDE (__rela_iplt_start = .)
 *(SORT_BY_ALIGNMENT(.rela.iplt))
                [!provide]                        PROVIDE (__rela_iplt_end = .)

.rel.dyn
 *(SORT_BY_ALIGNMENT(.rel.*))

.rela.dyn
 *(SORT_BY_ALIGNMENT(.rela.*))

/DISCARD/
 *(SORT_BY_ALIGNMENT(.plt))

/DISCARD/
 *(SORT_BY_ALIGNMENT(.iplt))
                0x0000000000000000                __rom_region_start = 0x0

rom_start       0x0000000000000000      0x154
                0x0000000000000000                __rom_start_address = .
 FILL mask 0x00
                0x0000000000000000                . = (. + (0x0 - (. - __rom_start_address)))
                0x0000000000000000                . = ALIGN (0x4)
                0x0000000000000000                . = ALIGN (0x80)
                0x0000000000000000                . = ALIGN (0x200)
                0x0000000000000000                _vector_start = .
 *(SORT_BY_ALIGNMENT(.exc_vector_table))
 *(SORT_BY_ALIGNMENT(.exc_vector_table.*))
 .exc_vector_table._vector_table_section
                0x0000000000000000       0x40 zephyr/arch/arch/arm/core/cortex_m/libarch__arm__core__cortex_m.a(vector_table.S.obj)
                0x0000000000000000                _vector_table
 *(SORT_BY_ALIGNMENT(.vectors))
                0x0000000000000154                _vector_end = .
                0x0000000000000040                . = ALIGN (0x4)
 *(SORT_BY_ALIGNMENT(.gnu.linkonce.irq_vector_table*))
 .gnu.linkonce.irq_vector_table
                0x0000000000000040      0x114 zephyr/CMakeFiles/zephyr_final.dir/isr_tables.c.obj
                0x0000000000000040                _irq_vector_table
                0x0000000000000154                _vector_end = .

text            0x0000000000000154    0x12278
                0x0000000000000154                __text_region_start = .
 *(SORT_BY_ALIGNMENT(.text))
 .text          0x0000000000000154       0x14 /opt/nordic/ncs/toolchains/580e4ef81c/opt/zephyr-sdk/arm-zephyr-eabi/bin/../lib/gcc/../../picolibc/arm-zephyr-eabi/lib/thumb/v8-m.main/nofp/libc.a(strcmp.S.o)
                0x0000000000000154                strcmp
 .text          0x0000000000000168       0x10 /opt/nordic/ncs/toolchains/580e4ef81c/opt/zephyr-sdk/arm-zephyr-eabi/bin/../lib/gcc/../../picolibc/arm-zephyr-eabi/lib/thumb/v8-m.main/nofp/libc.a(strcpy.S.o)
                0x0000000000000168                strcpy
 .text          0x0000000000000178       0x10 /opt/nordic/ncs/toolchains/580e4ef81c/opt/zephyr-sdk/arm-zephyr-eabi/bin/../lib/gcc/../../picolibc/arm-zephyr-eabi/lib/thumb/v8-m.main/nofp/libc.a(strlen.S.o)
                0x0000000000000178                strlen
 *(SORT_BY_ALIGNMENT(.text.*))
 .text.scan_cb  0x0000000000000188       0x10 app/libapp.a(main.c.obj)
 .text.bt_ready
                0x0000000000000198       0x5c app/libapp.a(main.c.obj)
 .text.parse_ad
                0x00000000000001f4       0xe0 app/libapp.a(main.c.obj)
 .text.main     0x00000000000002d4       0x34 app/libapp.a(main.c.obj)
                0x00000000000002d4                main
 .text.cbvprintf_package
                0x0000000000000308      0x3a4 zephyr/libzephyr.a(cbprintf_packaged.c.obj)
                0x0000000000000308                cbvprintf_package
 .text.cbprintf_package_convert
                0x00000000000006ac      0x3b4 zephyr/libzephyr.a(cbprintf_packaged.c.obj)
                0x00000000000006ac                cbprintf_package_convert
 .text.__printk_hook_install
                0x0000000000000a60        0xc zephyr/libzephyr.a(printk.c.obj)
                0x0000000000000a60                __printk_hook_install
 .text.z_thread_entry
                0x0000000000000a6c       0x34 zephyr/libzephyr.a(thread_entry.c.obj)
                0x0000000000000a6c                z_thread_entry
 .text.process_event
                0x0000000000000aa0      0x21c zephyr/libzephyr.a(onoff.c.obj)
 .text.sys_reboot
                0x0000000000000cbc       0x30 zephyr/libzephyr.a(reboot.c.obj)
                0x0000000000000cbc                sys_reboot
 .text.ipc_service_open_instance
                0x0000000000000cec       0x40 zephyr/libzephyr.a(ipc_service.c.obj)
                0x0000000000000cec                ipc_service_open_instance
 .text.ipc_service_close_instance
                0x0000000000000d2c       0x40 zephyr/libzephyr.a(ipc_service.c.obj)
                0x0000000000000d2c                ipc_service_close_instance
 .text.ipc_service_register_endpoint
                0x0000000000000d6c       0x44 zephyr/libzephyr.a(ipc_service.c.obj)
                0x0000000000000d6c                ipc_service_register_endpoint
 .text.ipc_service_deregister_endpoint
                0x0000000000000db0       0x58 zephyr/libzephyr.a(ipc_service.c.obj)
                0x0000000000000db0                ipc_service_deregister_endpoint
 .text.ipc_service_send
                0x0000000000000e08       0x5c zephyr/libzephyr.a(ipc_service.c.obj)
                0x0000000000000e08                ipc_service_send
 .text.shared_memory_prepare
                0x0000000000000e64       0x14 zephyr/libzephyr.a(ipc_rpmsg_static_vrings.c.obj)
 .text.advertise_ept
                0x0000000000000e78       0x44 zephyr/libzephyr.a(ipc_rpmsg_static_vrings.c.obj)
 .text.get_ept  0x0000000000000ebc       0x28 zephyr/libzephyr.a(ipc_rpmsg_static_vrings.c.obj)
 .text.open     0x0000000000000ee4      0x1b0 zephyr/libzephyr.a(ipc_rpmsg_static_vrings.c.obj)
 .text.bound_cb
                0x0000000000001094       0x30 zephyr/libzephyr.a(ipc_rpmsg_static_vrings.c.obj)
 .text.send     0x00000000000010c4       0x4c zephyr/libzephyr.a(ipc_rpmsg_static_vrings.c.obj)
 .text.register_ept
                0x0000000000001110       0xe0 zephyr/libzephyr.a(ipc_rpmsg_static_vrings.c.obj)
 .text.deregister_ept
                0x00000000000011f0       0x44 zephyr/libzephyr.a(ipc_rpmsg_static_vrings.c.obj)
 .text.ns_bind_cb
                0x0000000000001234       0x6c zephyr/libzephyr.a(ipc_rpmsg.c.obj)
 .text.ipc_rpmsg_register_ept
                0x00000000000012a0       0x3c zephyr/libzephyr.a(ipc_rpmsg.c.obj)
                0x00000000000012a0                ipc_rpmsg_register_ept
 .text.ipc_rpmsg_init
                0x00000000000012dc       0x70 zephyr/libzephyr.a(ipc_rpmsg.c.obj)
                0x00000000000012dc                ipc_rpmsg_init
 .text.ipc_static_vrings_init
                0x000000000000134c      0x104 zephyr/libzephyr.a(ipc_static_vrings.c.obj)
                0x000000000000134c                ipc_static_vrings_init
 .text.activate_foreach_backend
                0x0000000000001450       0x64 zephyr/libzephyr.a(log_core.c.obj)
 .text.enable_logger
                0x00000000000014b4       0x5c zephyr/libzephyr.a(log_core.c.obj)
 .text.log_process_thread_timer_expiry_fn
                0x0000000000001510        0xc zephyr/libzephyr.a(log_core.c.obj)
 .text.z_log_init
                0x000000000000151c       0x90 zephyr/libzephyr.a(log_core.c.obj)
 .text.log_format_func_t_get
                0x00000000000015ac        0xc zephyr/libzephyr.a(log_core.c.obj)
                0x00000000000015ac                log_format_func_t_get
 .text.log_set_timestamp_func
                0x00000000000015b8       0x20 zephyr/libzephyr.a(log_core.c.obj)
                0x00000000000015b8                log_set_timestamp_func
 .text.z_log_notify_backend_enabled
                0x00000000000015d8       0x1c zephyr/libzephyr.a(log_core.c.obj)
                0x00000000000015d8                z_log_notify_backend_enabled
 .text.z_log_dropped
                0x00000000000015f4       0x28 zephyr/libzephyr.a(log_core.c.obj)
                0x00000000000015f4                z_log_dropped
 .text.z_log_dropped_read_and_clear
                0x000000000000161c       0x18 zephyr/libzephyr.a(log_core.c.obj)
                0x000000000000161c                z_log_dropped_read_and_clear
 .text.dropped_notify
                0x0000000000001634       0x30 zephyr/libzephyr.a(log_core.c.obj)
                0x0000000000001634                dropped_notify
 .text.z_log_msg_init
                0x0000000000001664       0x20 zephyr/libzephyr.a(log_core.c.obj)
                0x0000000000001664                z_log_msg_init
 .text.log_core_init
                0x0000000000001684       0x34 zephyr/libzephyr.a(log_core.c.obj)
                0x0000000000001684                log_core_init
 .text.z_log_msg_alloc
                0x00000000000016b8       0x10 zephyr/libzephyr.a(log_core.c.obj)
                0x00000000000016b8                z_log_msg_alloc
 .text.z_log_msg_local_claim
                0x00000000000016c8        0xc zephyr/libzephyr.a(log_core.c.obj)
                0x00000000000016c8                z_log_msg_local_claim
 .text.z_log_msg_free
                0x00000000000016d4       0x10 zephyr/libzephyr.a(log_core.c.obj)
                0x00000000000016d4                z_log_msg_free
 .text.z_log_msg_pending
                0x00000000000016e4        0xc zephyr/libzephyr.a(log_core.c.obj)
                0x00000000000016e4                z_log_msg_pending
 .text.z_impl_log_process
                0x00000000000016f0       0xb4 zephyr/libzephyr.a(log_core.c.obj)
                0x00000000000016f0                z_impl_log_process
 .text.z_impl_log_panic
                0x00000000000017a4       0x44 zephyr/libzephyr.a(log_core.c.obj)
                0x00000000000017a4                z_impl_log_panic
 .text.log_process_thread_func
                0x00000000000017e8       0xa4 zephyr/libzephyr.a(log_core.c.obj)
 .text.z_log_msg_post_finalize
                0x000000000000188c       0x78 zephyr/libzephyr.a(log_core.c.obj)
 .text.z_log_msg_commit
                0x0000000000001904       0x24 zephyr/libzephyr.a(log_core.c.obj)
                0x0000000000001904                z_log_msg_commit
 .text.log_source_name_get
                0x0000000000001928       0x1c zephyr/libzephyr.a(log_mgmt.c.obj)
                0x0000000000001928                log_source_name_get
 .text.log_backend_enable
                0x0000000000001944       0x28 zephyr/libzephyr.a(log_mgmt.c.obj)
                0x0000000000001944                log_backend_enable
 .text.z_impl_z_log_msg_static_create
                0x000000000000196c      0x108 zephyr/libzephyr.a(log_msg.c.obj)
                0x000000000000196c                z_impl_z_log_msg_static_create
 .text.z_log_msg_runtime_vcreate
                0x0000000000001a74       0x8c zephyr/libzephyr.a(log_msg.c.obj)
                0x0000000000001a74                z_log_msg_runtime_vcreate
 .text.print_formatted
                0x0000000000001b00       0x24 zephyr/libzephyr.a(log_output.c.obj)
 .text.newline_print
                0x0000000000001b24       0x1c zephyr/libzephyr.a(log_output.c.obj)
 .text.log_output_process
                0x0000000000001b40      0x2a4 zephyr/libzephyr.a(log_output.c.obj)
                0x0000000000001b40                log_output_process
 .text.log_output_msg_process
                0x0000000000001de4       0x70 zephyr/libzephyr.a(log_output.c.obj)
                0x0000000000001de4                log_output_msg_process
 .text.log_output_dropped_process
                0x0000000000001e54       0x58 zephyr/libzephyr.a(log_output.c.obj)
                0x0000000000001e54                log_output_dropped_process
 .text.log_output_timestamp_freq_set
                0x0000000000001eac       0x2c zephyr/libzephyr.a(log_output.c.obj)
                0x0000000000001eac                log_output_timestamp_freq_set
 .text.char_out
                0x0000000000001ed8       0x24 zephyr/libzephyr.a(log_backend_uart.c.obj)
 .text.mem_attr_get_regions
                0x0000000000001efc        0xc zephyr/libzephyr.a(mem_attr.c.obj)
                0x0000000000001efc                mem_attr_get_regions
 .text.sub_bytes
                0x0000000000001f08       0x18 zephyr/libzephyr.a(aes_encrypt.c.obj)
 .text.tc_aes128_set_encrypt_key
                0x0000000000001f20       0xa8 zephyr/libzephyr.a(aes_encrypt.c.obj)
                0x0000000000001f20                tc_aes128_set_encrypt_key
 .text.compress
                0x0000000000001fc8      0x1d4 zephyr/libzephyr.a(sha256.c.obj)
 .text.tc_sha256_init
                0x000000000000219c       0x58 zephyr/libzephyr.a(sha256.c.obj)
                0x000000000000219c                tc_sha256_init
 .text.nrf_cc3xx_platform_abort_init
                0x00000000000021f4        0xc zephyr/libzephyr.a(nrf_cc3xx_platform_abort_zephyr.c.obj)
                0x00000000000021f4                nrf_cc3xx_platform_abort_init
 .text.mutex_free_platform
                0x0000000000002200       0x54 zephyr/libzephyr.a(nrf_cc3xx_platform_mutex_zephyr.c.obj)
 .text.mutex_lock_platform
                0x0000000000002254       0x74 zephyr/libzephyr.a(nrf_cc3xx_platform_mutex_zephyr.c.obj)
 .text.mutex_unlock_platform
                0x00000000000022c8       0x68 zephyr/libzephyr.a(nrf_cc3xx_platform_mutex_zephyr.c.obj)
 .text.mutex_init_platform
                0x0000000000002330       0x94 zephyr/libzephyr.a(nrf_cc3xx_platform_mutex_zephyr.c.obj)
 .text.nrf_cc3xx_platform_mutex_init
                0x00000000000023c4       0x2c zephyr/libzephyr.a(nrf_cc3xx_platform_mutex_zephyr.c.obj)
                0x00000000000023c4                nrf_cc3xx_platform_mutex_init
 .text.z_arm_fatal_error
                0x00000000000023f0       0xa0 zephyr/arch/arch/arm/core/libarch__arm__core.a(fatal.c.obj)
                0x00000000000023f0                z_arm_fatal_error
 .text.z_SysNmiOnReset
                0x0000000000002490        0x8 zephyr/arch/arch/arm/core/libarch__arm__core.a(nmi_on_reset.S.obj)
                0x0000000000002490                z_SysNmiOnReset
 .text.arch_tls_stack_setup
                0x0000000000002498       0x5c zephyr/arch/arch/arm/core/libarch__arm__core.a(tls.c.obj)
                0x0000000000002498                arch_tls_stack_setup
 .text._HandlerModeExit
                0x00000000000024f4       0x1c zephyr/arch/arch/arm/core/cortex_m/libarch__arm__core__cortex_m.a(exc_exit.S.obj)
                0x00000000000024f4                z_arm_exc_exit
                0x00000000000024f4                z_arm_int_exit
 .text.mem_manage_fault.constprop.0
                0x0000000000002510       0xd0 zephyr/arch/arch/arm/core/cortex_m/libarch__arm__core__cortex_m.a(fault.c.obj)
 .text.usage_fault.constprop.0
                0x00000000000025e0       0xbc zephyr/arch/arch/arm/core/cortex_m/libarch__arm__core__cortex_m.a(fault.c.obj)
 .text.bus_fault.constprop.0
                0x000000000000269c       0xd0 zephyr/arch/arch/arm/core/cortex_m/libarch__arm__core__cortex_m.a(fault.c.obj)
 .text.z_arm_fault
                0x000000000000276c      0x1d0 zephyr/arch/arch/arm/core/cortex_m/libarch__arm__core__cortex_m.a(fault.c.obj)
                0x000000000000276c                z_arm_fault
 .text.z_arm_fault_init
                0x000000000000293c       0x18 zephyr/arch/arch/arm/core/cortex_m/libarch__arm__core__cortex_m.a(fault.c.obj)
                0x000000000000293c                z_arm_fault_init
 .text.__fault  0x0000000000002954       0x14 zephyr/arch/arch/arm/core/cortex_m/libarch__arm__core__cortex_m.a(fault_s.S.obj)
                0x0000000000002954                z_arm_bus_fault
                0x0000000000002954                z_arm_usage_fault
                0x0000000000002954                z_arm_mpu_fault
                0x0000000000002954                z_arm_exc_spurious
                0x0000000000002954                z_arm_debug_monitor
                0x0000000000002954                z_arm_hard_fault
 .text._reset_section
                0x0000000000002968       0x60 zephyr/arch/arch/arm/core/cortex_m/libarch__arm__core__cortex_m.a(reset.S.obj)
                0x0000000000002968                z_arm_reset
                0x0000000000002968                __start
 .text.sys_arch_reboot
                0x00000000000029c8       0x24 zephyr/arch/arch/arm/core/cortex_m/libarch__arm__core__cortex_m.a(scb.c.obj)
                0x00000000000029c8                sys_arch_reboot
 .text.z_arm_clear_arm_mpu_config
                0x00000000000029ec       0x24 zephyr/arch/arch/arm/core/cortex_m/libarch__arm__core__cortex_m.a(scb.c.obj)
                0x00000000000029ec                z_arm_clear_arm_mpu_config
 .text.z_arm_init_arch_hw_at_boot
                0x0000000000002a10       0x4c zephyr/arch/arch/arm/core/cortex_m/libarch__arm__core__cortex_m.a(scb.c.obj)
                0x0000000000002a10                z_arm_init_arch_hw_at_boot
 .text.z_impl_k_thread_abort
                0x0000000000002a5c       0x2c zephyr/arch/arch/arm/core/cortex_m/libarch__arm__core__cortex_m.a(thread_abort.c.obj)
                0x0000000000002a5c                z_impl_k_thread_abort
 .text.arch_swap
                0x0000000000002a88       0x30 zephyr/arch/arch/arm/core/cortex_m/libarch__arm__core__cortex_m.a(swap.c.obj)
                0x0000000000002a88                arch_swap
 .text.z_arm_pendsv
                0x0000000000002ab8       0x68 zephyr/arch/arch/arm/core/cortex_m/libarch__arm__core__cortex_m.a(swap_helper.S.obj)
                0x0000000000002ab8                z_arm_pendsv
 .text.z_arm_svc
                0x0000000000002b20       0x20 zephyr/arch/arch/arm/core/cortex_m/libarch__arm__core__cortex_m.a(swap_helper.S.obj)
                0x0000000000002b20                z_arm_svc
 .text.arch_irq_enable
                0x0000000000002b40       0x1c zephyr/arch/arch/arm/core/cortex_m/libarch__arm__core__cortex_m.a(irq_manage.c.obj)
                0x0000000000002b40                arch_irq_enable
 .text.arch_irq_disable
                0x0000000000002b5c       0x28 zephyr/arch/arch/arm/core/cortex_m/libarch__arm__core__cortex_m.a(irq_manage.c.obj)
                0x0000000000002b5c                arch_irq_disable
 .text.arch_irq_is_enabled
                0x0000000000002b84       0x1c zephyr/arch/arch/arm/core/cortex_m/libarch__arm__core__cortex_m.a(irq_manage.c.obj)
                0x0000000000002b84                arch_irq_is_enabled
 .text.z_arm_irq_priority_set
                0x0000000000002ba0       0x2c zephyr/arch/arch/arm/core/cortex_m/libarch__arm__core__cortex_m.a(irq_manage.c.obj)
                0x0000000000002ba0                z_arm_irq_priority_set
 .text.z_arm_prep_c
                0x0000000000002bcc       0x38 zephyr/arch/arch/arm/core/cortex_m/libarch__arm__core__cortex_m.a(prep_c.c.obj)
                0x0000000000002bcc                z_arm_prep_c
 .text.arch_new_thread
                0x0000000000002c04       0x38 zephyr/arch/arch/arm/core/cortex_m/libarch__arm__core__cortex_m.a(thread.c.obj)
                0x0000000000002c04                arch_new_thread
 .text.arch_switch_to_main_thread
                0x0000000000002c3c       0x34 zephyr/arch/arch/arm/core/cortex_m/libarch__arm__core__cortex_m.a(thread.c.obj)
                0x0000000000002c3c                arch_switch_to_main_thread
 .text.z_arm_cpu_idle_init
                0x0000000000002c70        0xc zephyr/arch/arch/arm/core/cortex_m/libarch__arm__core__cortex_m.a(cpu_idle.S.obj)
                0x0000000000002c70                z_arm_cpu_idle_init
 .text.arch_cpu_idle
                0x0000000000002c7c       0x38 zephyr/arch/arch/arm/core/cortex_m/libarch__arm__core__cortex_m.a(cpu_idle.S.obj)
                0x0000000000002c7c                arch_cpu_idle
 .text.arch_cpu_atomic_idle
                0x0000000000002cb4       0x34 zephyr/arch/arch/arm/core/cortex_m/libarch__arm__core__cortex_m.a(cpu_idle.S.obj)
                0x0000000000002cb4                arch_cpu_atomic_idle
 .text.z_arm_interrupt_init
                0x0000000000002ce8       0x18 zephyr/arch/arch/arm/core/cortex_m/libarch__arm__core__cortex_m.a(irq_init.c.obj)
                0x0000000000002ce8                z_arm_interrupt_init
 .text._isr_wrapper
                0x0000000000002d00       0x28 zephyr/arch/arch/arm/core/cortex_m/libarch__arm__core__cortex_m.a(isr_wrapper.S.obj)
                0x0000000000002d00                _isr_wrapper
 .text.z_arm_configure_static_mpu_regions
                0x0000000000002d28       0x38 zephyr/arch/arch/arm/core/mpu/libarch__arm__core__mpu.a(arm_core_mpu.c.obj)
                0x0000000000002d28                z_arm_configure_static_mpu_regions
 .text.region_init
                0x0000000000002d60       0x34 zephyr/arch/arch/arm/core/mpu/libarch__arm__core__mpu.a(arm_mpu.c.obj)
 .text.region_allocate_and_init
                0x0000000000002d94       0x28 zephyr/arch/arch/arm/core/mpu/libarch__arm__core__mpu.a(arm_mpu.c.obj)
 .text.mpu_configure_regions_and_partition.constprop.0
                0x0000000000002dbc      0x164 zephyr/arch/arch/arm/core/mpu/libarch__arm__core__mpu.a(arm_mpu.c.obj)
 .text.arm_core_mpu_enable
                0x0000000000002f20       0x18 zephyr/arch/arch/arm/core/mpu/libarch__arm__core__mpu.a(arm_mpu.c.obj)
                0x0000000000002f20                arm_core_mpu_enable
 .text.arm_core_mpu_disable
                0x0000000000002f38       0x14 zephyr/arch/arch/arm/core/mpu/libarch__arm__core__mpu.a(arm_mpu.c.obj)
                0x0000000000002f38                arm_core_mpu_disable
 .text.arm_core_mpu_configure_static_mpu_regions
                0x0000000000002f4c       0x14 zephyr/arch/arch/arm/core/mpu/libarch__arm__core__mpu.a(arm_mpu.c.obj)
                0x0000000000002f4c                arm_core_mpu_configure_static_mpu_regions
 .text.arm_core_mpu_mark_areas_for_dynamic_regions
                0x0000000000002f60       0xb8 zephyr/arch/arch/arm/core/mpu/libarch__arm__core__mpu.a(arm_mpu.c.obj)
                0x0000000000002f60                arm_core_mpu_mark_areas_for_dynamic_regions
 .text.z_arm_mpu_init
                0x0000000000003018      0x108 zephyr/arch/arch/arm/core/mpu/libarch__arm__core__mpu.a(arm_mpu.c.obj)
                0x0000000000003018                z_arm_mpu_init
 .text.z_impl_zephyr_fputc
                0x0000000000003120       0x10 zephyr/lib/libc/picolibc/liblib__libc__picolibc.a(libc-hooks.c.obj)
                0x0000000000003120                z_impl_zephyr_fputc
 .text.__stdout_hook_install
                0x0000000000003130       0x18 zephyr/lib/libc/picolibc/liblib__libc__picolibc.a(libc-hooks.c.obj)
                0x0000000000003130                __stdout_hook_install
 .text.cbvprintf
                0x0000000000003148       0x38 zephyr/lib/libc/picolibc/liblib__libc__picolibc.a(libc-hooks.c.obj)
                0x0000000000003148                cbvprintf
 .text.malloc_prepare
                0x0000000000003180       0x24 zephyr/lib/libc/common/liblib__libc__common.a(malloc.c.obj)
 .text.nrf_gpio_pin_control_select
                0x00000000000031a4       0x3c zephyr/soc/soc/arm/nordic_nrf/libsoc__arm__nordic_nrf.a(soc.c.obj)
 .text.nordicsemi_nrf53_init
                0x00000000000031e0       0x5c zephyr/soc/soc/arm/nordic_nrf/libsoc__arm__nordic_nrf.a(soc.c.obj)
 .text.rtc_pretick_init
                0x000000000000323c       0x60 zephyr/soc/soc/arm/nordic_nrf/libsoc__arm__nordic_nrf.a(soc.c.obj)
 .text.z_arm_on_enter_cpu_idle
                0x000000000000329c       0x64 zephyr/soc/soc/arm/nordic_nrf/libsoc__arm__nordic_nrf.a(soc.c.obj)
                0x000000000000329c                z_arm_on_enter_cpu_idle
 .text.arch_busy_wait
                0x0000000000003300       0x24 zephyr/soc/soc/arm/nordic_nrf/libsoc__arm__nordic_nrf.a(soc.c.obj)
                0x0000000000003300                arch_busy_wait
 .text.rtc_cb   0x0000000000003324       0x40 zephyr/soc/soc/arm/nordic_nrf/libsoc__arm__nordic_nrf.a(sync_rtc.c.obj)
 .text.sync_rtc_setup
                0x0000000000003364       0xbc zephyr/soc/soc/arm/nordic_nrf/libsoc__arm__nordic_nrf.a(sync_rtc.c.obj)
 .text.mbox_callback
                0x0000000000003420       0x80 zephyr/soc/soc/arm/nordic_nrf/libsoc__arm__nordic_nrf.a(sync_rtc.c.obj)
 .text.z_arm_platform_init
                0x00000000000034a0        0x4 zephyr/soc/soc/arm/nordic_nrf/libsoc__arm__nordic_nrf.a(soc_nrf_common.S.obj)
                0x00000000000034a0                z_arm_platform_init
 .text.remoteproc_mgr_boot
                0x00000000000034a4       0x68 zephyr/boards/arm/nrf5340dk_nrf5340/libboards__arm__nrf5340dk_nrf5340.a(nrf5340_cpunet_reset.c.obj)
 .text.bt_hex   0x000000000000350c       0x44 zephyr/subsys/bluetooth/common/libsubsys__bluetooth__common.a(bt_str.c.obj)
                0x000000000000350c                bt_hex
 .text.bt_addr_le_str
                0x0000000000003550       0x7c zephyr/subsys/bluetooth/common/libsubsys__bluetooth__common.a(bt_str.c.obj)
                0x0000000000003550                bt_addr_le_str
 .text.long_wq_init
                0x00000000000035cc       0x38 zephyr/subsys/bluetooth/host/libsubsys__bluetooth__host.a(long_wq.c.obj)
 .text.bt_long_wq_schedule
                0x0000000000003604        0xc zephyr/subsys/bluetooth/host/libsubsys__bluetooth__host.a(long_wq.c.obj)
                0x0000000000003604                bt_long_wq_schedule
 .text.uuid_to_uuid128
                0x0000000000003610       0x78 zephyr/subsys/bluetooth/host/libsubsys__bluetooth__host.a(uuid.c.obj)
 .text.bt_buf_get_rx
                0x0000000000003688       0x2c zephyr/subsys/bluetooth/host/libsubsys__bluetooth__host.a(buf.c.obj)
                0x0000000000003688                bt_buf_get_rx
 .text.bt_buf_get_cmd_complete
                0x00000000000036b4       0x38 zephyr/subsys/bluetooth/host/libsubsys__bluetooth__host.a(buf.c.obj)
                0x00000000000036b4                bt_buf_get_cmd_complete
 .text.bt_buf_get_evt
                0x00000000000036ec       0x58 zephyr/subsys/bluetooth/host/libsubsys__bluetooth__host.a(buf.c.obj)
                0x00000000000036ec                bt_buf_get_evt
 .text.bt_data_parse
                0x0000000000003744       0x64 zephyr/subsys/bluetooth/host/libsubsys__bluetooth__host.a(data.c.obj)
                0x0000000000003744                bt_data_parse
 .text.hci_data_buf_overflow
                0x00000000000037a8       0x18 zephyr/subsys/bluetooth/host/libsubsys__bluetooth__host.a(hci_core.c.obj)
 .text.hci_disconn_complete_prio
                0x00000000000037c0       0x40 zephyr/subsys/bluetooth/host/libsubsys__bluetooth__host.a(hci_core.c.obj)
 .text.hci_disconn_complete
                0x0000000000003800       0x4c zephyr/subsys/bluetooth/host/libsubsys__bluetooth__host.a(hci_core.c.obj)
 .text.le_phy_update_complete
                0x000000000000384c       0x34 zephyr/subsys/bluetooth/host/libsubsys__bluetooth__host.a(hci_core.c.obj)
 .text.le_data_len_change
                0x0000000000003880       0x30 zephyr/subsys/bluetooth/host/libsubsys__bluetooth__host.a(hci_core.c.obj)
 .text.hci_hardware_error
                0x00000000000038b0       0x24 zephyr/subsys/bluetooth/host/libsubsys__bluetooth__host.a(hci_core.c.obj)
 .text.rx_queue_put
                0x00000000000038d4       0x3c zephyr/subsys/bluetooth/host/libsubsys__bluetooth__host.a(hci_core.c.obj)
 .text.find_pending_connect.part.0
                0x0000000000003910       0x2c zephyr/subsys/bluetooth/host/libsubsys__bluetooth__host.a(hci_core.c.obj)
 .text.le_conn_param_neg_reply.part.0
                0x000000000000393c       0x14 zephyr/subsys/bluetooth/host/libsubsys__bluetooth__host.a(hci_core.c.obj)
 .text.handle_event.part.0
                0x0000000000003950       0x48 zephyr/subsys/bluetooth/host/libsubsys__bluetooth__host.a(hci_core.c.obj)
 .text.handle_event
                0x0000000000003998       0x50 zephyr/subsys/bluetooth/host/libsubsys__bluetooth__host.a(hci_core.c.obj)
 .text.hci_le_meta_event
                0x00000000000039e8       0x20 zephyr/subsys/bluetooth/host/libsubsys__bluetooth__host.a(hci_core.c.obj)
 .text.le_remote_feat_complete
                0x0000000000003a08       0x54 zephyr/subsys/bluetooth/host/libsubsys__bluetooth__host.a(hci_core.c.obj)
 .text.rx_work_handler
                0x0000000000003a5c      0x134 zephyr/subsys/bluetooth/host/libsubsys__bluetooth__host.a(hci_core.c.obj)
 .text.hci_cmd_done
                0x0000000000003b90      0x124 zephyr/subsys/bluetooth/host/libsubsys__bluetooth__host.a(hci_core.c.obj)
 .text.hci_cmd_status
                0x0000000000003cb4       0x2c zephyr/subsys/bluetooth/host/libsubsys__bluetooth__host.a(hci_core.c.obj)
 .text.hci_cmd_complete
                0x0000000000003ce0       0x50 zephyr/subsys/bluetooth/host/libsubsys__bluetooth__host.a(hci_core.c.obj)
 .text.hci_num_completed_packets
                0x0000000000003d30      0x130 zephyr/subsys/bluetooth/host/libsubsys__bluetooth__host.a(hci_core.c.obj)
 .text.le_conn_update_complete
                0x0000000000003e60       0xc4 zephyr/subsys/bluetooth/host/libsubsys__bluetooth__host.a(hci_core.c.obj)
 .text.bt_hci_cmd_state_set_init
                0x0000000000003f24       0x24 zephyr/subsys/bluetooth/host/libsubsys__bluetooth__host.a(hci_core.c.obj)
                0x0000000000003f24                bt_hci_cmd_state_set_init
 .text.bt_hci_cmd_create
                0x0000000000003f48       0x74 zephyr/subsys/bluetooth/host/libsubsys__bluetooth__host.a(hci_core.c.obj)
                0x0000000000003f48                bt_hci_cmd_create
 .text.bt_hci_cmd_send_sync
                0x0000000000003fbc       0xf0 zephyr/subsys/bluetooth/host/libsubsys__bluetooth__host.a(hci_core.c.obj)
                0x0000000000003fbc                bt_hci_cmd_send_sync
 .text.hci_le_read_max_data_len
                0x00000000000040ac       0x44 zephyr/subsys/bluetooth/host/libsubsys__bluetooth__host.a(hci_core.c.obj)
 .text.bt_hci_le_rand
                0x00000000000040f0       0x58 zephyr/subsys/bluetooth/host/libsubsys__bluetooth__host.a(hci_core.c.obj)
                0x00000000000040f0                bt_hci_le_rand
 .text.bt_hci_le_enh_conn_complete
                0x0000000000004148      0x284 zephyr/subsys/bluetooth/host/libsubsys__bluetooth__host.a(hci_core.c.obj)
                0x0000000000004148                bt_hci_le_enh_conn_complete
 .text.le_legacy_conn_complete
                0x00000000000043cc       0x64 zephyr/subsys/bluetooth/host/libsubsys__bluetooth__host.a(hci_core.c.obj)
 .text.bt_hci_get_ver_str
                0x0000000000004430       0x3c zephyr/subsys/bluetooth/host/libsubsys__bluetooth__host.a(hci_core.c.obj)
                0x0000000000004430                bt_hci_get_ver_str
 .text.bt_send  0x000000000000446c       0x10 zephyr/subsys/bluetooth/host/libsubsys__bluetooth__host.a(hci_core.c.obj)
                0x000000000000446c                bt_send
 .text.bt_hci_cmd_send
                0x000000000000447c       0x58 zephyr/subsys/bluetooth/host/libsubsys__bluetooth__host.a(hci_core.c.obj)
                0x000000000000447c                bt_hci_cmd_send
 .text.bt_hci_host_num_completed_packets
                0x00000000000044d4       0xd8 zephyr/subsys/bluetooth/host/libsubsys__bluetooth__host.a(hci_core.c.obj)
                0x00000000000044d4                bt_hci_host_num_completed_packets
 .text.le_conn_param_req
                0x00000000000045ac       0xc0 zephyr/subsys/bluetooth/host/libsubsys__bluetooth__host.a(hci_core.c.obj)
 .text.hci_tx_thread
                0x000000000000466c      0x15c zephyr/subsys/bluetooth/host/libsubsys__bluetooth__host.a(hci_core.c.obj)
 .text.hci_event_prio
                0x00000000000047c8       0x9c zephyr/subsys/bluetooth/host/libsubsys__bluetooth__host.a(hci_core.c.obj)
                0x00000000000047c8                hci_event_prio
 .text.bt_recv  0x0000000000004864       0x50 zephyr/subsys/bluetooth/host/libsubsys__bluetooth__host.a(hci_core.c.obj)
                0x0000000000004864                bt_recv
 .text.bt_hci_driver_register
                0x00000000000048b4       0x28 zephyr/subsys/bluetooth/host/libsubsys__bluetooth__host.a(hci_core.c.obj)
                0x00000000000048b4                bt_hci_driver_register
 .text.bt_finalize_init
                0x00000000000048dc      0x13c zephyr/subsys/bluetooth/host/libsubsys__bluetooth__host.a(hci_core.c.obj)
                0x00000000000048dc                bt_finalize_init
 .text.bt_init  0x0000000000004a18      0x550 zephyr/subsys/bluetooth/host/libsubsys__bluetooth__host.a(hci_core.c.obj)
 .text.init_work
                0x0000000000004f68       0x18 zephyr/subsys/bluetooth/host/libsubsys__bluetooth__host.a(hci_core.c.obj)
 .text.bt_enable
                0x0000000000004f80      0x104 zephyr/subsys/bluetooth/host/libsubsys__bluetooth__host.a(hci_core.c.obj)
                0x0000000000004f80                bt_enable
 .text.bt_get_name
                0x0000000000005084        0x8 zephyr/subsys/bluetooth/host/libsubsys__bluetooth__host.a(hci_core.c.obj)
                0x0000000000005084                bt_get_name
 .text.id_find  0x000000000000508c       0x30 zephyr/subsys/bluetooth/host/libsubsys__bluetooth__host.a(id.c.obj)
 .text.id_create.constprop.0
                0x00000000000050bc       0x5c zephyr/subsys/bluetooth/host/libsubsys__bluetooth__host.a(id.c.obj)
 .text.set_random_address
                0x0000000000005118       0x50 zephyr/subsys/bluetooth/host/libsubsys__bluetooth__host.a(id.c.obj)
 .text.bt_id_create
                0x0000000000005168       0x9c zephyr/subsys/bluetooth/host/libsubsys__bluetooth__host.a(id.c.obj)
                0x0000000000005168                bt_id_create
 .text.bt_id_read_public_addr
                0x0000000000005204       0x78 zephyr/subsys/bluetooth/host/libsubsys__bluetooth__host.a(id.c.obj)
                0x0000000000005204                bt_id_read_public_addr
 .text.bt_setup_public_id_addr
                0x000000000000527c       0x20 zephyr/subsys/bluetooth/host/libsubsys__bluetooth__host.a(id.c.obj)
                0x000000000000527c                bt_setup_public_id_addr
 .text.bt_read_static_addr
                0x000000000000529c       0x94 zephyr/subsys/bluetooth/host/libsubsys__bluetooth__host.a(id.c.obj)
                0x000000000000529c                bt_read_static_addr
 .text.bt_setup_random_id_addr
                0x0000000000005330       0x5c zephyr/subsys/bluetooth/host/libsubsys__bluetooth__host.a(id.c.obj)
                0x0000000000005330                bt_setup_random_id_addr
 .text.bt_id_set_scan_own_addr
                0x000000000000538c       0x20 zephyr/subsys/bluetooth/host/libsubsys__bluetooth__host.a(id.c.obj)
                0x000000000000538c                bt_id_set_scan_own_addr
 .text.bt_id_set_adv_own_addr
                0x00000000000053ac       0xd4 zephyr/subsys/bluetooth/host/libsubsys__bluetooth__host.a(id.c.obj)
                0x00000000000053ac                bt_id_set_adv_own_addr
 .text.bt_id_init
                0x0000000000005480       0x54 zephyr/subsys/bluetooth/host/libsubsys__bluetooth__host.a(id.c.obj)
                0x0000000000005480                bt_id_init
 .text.adv_is_directed
                0x00000000000054d4       0x18 zephyr/subsys/bluetooth/host/libsubsys__bluetooth__host.a(adv.c.obj)
 .text.le_adv_start_add_conn
                0x00000000000054ec       0x60 zephyr/subsys/bluetooth/host/libsubsys__bluetooth__host.a(adv.c.obj)
 .text.bt_le_adv_lookup_legacy
                0x000000000000554c        0x8 zephyr/subsys/bluetooth/host/libsubsys__bluetooth__host.a(adv.c.obj)
                0x000000000000554c                bt_le_adv_lookup_legacy
 .text.bt_le_adv_resume
                0x0000000000005554       0xe0 zephyr/subsys/bluetooth/host/libsubsys__bluetooth__host.a(adv.c.obj)
                0x0000000000005554                bt_le_adv_resume
 .text.bt_le_scan_set_enable_legacy
                0x0000000000005634       0x60 zephyr/subsys/bluetooth/host/libsubsys__bluetooth__host.a(scan.c.obj)
 .text.bt_scan_reset
                0x0000000000005694        0xc zephyr/subsys/bluetooth/host/libsubsys__bluetooth__host.a(scan.c.obj)
                0x0000000000005694                bt_scan_reset
 .text.bt_le_scan_update
                0x00000000000056a0       0x24 zephyr/subsys/bluetooth/host/libsubsys__bluetooth__host.a(scan.c.obj)
                0x00000000000056a0                bt_le_scan_update
 .text.bt_hci_le_adv_report
                0x00000000000056c4      0x190 zephyr/subsys/bluetooth/host/libsubsys__bluetooth__host.a(scan.c.obj)
                0x00000000000056c4                bt_hci_le_adv_report
 .text.bt_le_scan_start
                0x0000000000005854      0x168 zephyr/subsys/bluetooth/host/libsubsys__bluetooth__host.a(scan.c.obj)
                0x0000000000005854                bt_le_scan_start
 .text.bt_le_scan_cb_register
                0x00000000000059bc       0x20 zephyr/subsys/bluetooth/host/libsubsys__bluetooth__host.a(scan.c.obj)
                0x00000000000059bc                bt_le_scan_cb_register
 .text.prng_reseed.constprop.0
                0x00000000000059dc       0x60 zephyr/subsys/bluetooth/host/libsubsys__bluetooth__host.a(crypto.c.obj)
 .text.prng_init
                0x0000000000005a3c       0x40 zephyr/subsys/bluetooth/host/libsubsys__bluetooth__host.a(crypto.c.obj)
                0x0000000000005a3c                prng_init
 .text.bt_rand  0x0000000000005a7c       0x3c zephyr/subsys/bluetooth/host/libsubsys__bluetooth__host.a(crypto.c.obj)
                0x0000000000005a7c                bt_rand
 .text.notify_connected
                0x0000000000005ab8       0x3c zephyr/subsys/bluetooth/host/libsubsys__bluetooth__host.a(conn.c.obj)
 .text.tx_notify
                0x0000000000005af4       0x60 zephyr/subsys/bluetooth/host/libsubsys__bluetooth__host.a(conn.c.obj)
 .text.conn_tx_destroy
                0x0000000000005b54       0x2c zephyr/subsys/bluetooth/host/libsubsys__bluetooth__host.a(conn.c.obj)
 .text.send_frag
                0x0000000000005b80      0x1a4 zephyr/subsys/bluetooth/host/libsubsys__bluetooth__host.a(conn.c.obj)
 .text.bt_conn_create_pdu_timeout.part.0
                0x0000000000005d24       0x18 zephyr/subsys/bluetooth/host/libsubsys__bluetooth__host.a(conn.c.obj)
 .text.bt_conn_get_pkts
                0x0000000000005d3c       0x18 zephyr/subsys/bluetooth/host/libsubsys__bluetooth__host.a(conn.c.obj)
                0x0000000000005d3c                bt_conn_get_pkts
 .text.bt_conn_new
                0x0000000000005d54       0x5c zephyr/subsys/bluetooth/host/libsubsys__bluetooth__host.a(conn.c.obj)
                0x0000000000005d54                bt_conn_new
 .text.bt_conn_recv
                0x0000000000005db0       0xf4 zephyr/subsys/bluetooth/host/libsubsys__bluetooth__host.a(conn.c.obj)
                0x0000000000005db0                bt_conn_recv
 .text.bt_conn_send_cb
                0x0000000000005ea4       0xcc zephyr/subsys/bluetooth/host/libsubsys__bluetooth__host.a(conn.c.obj)
                0x0000000000005ea4                bt_conn_send_cb
 .text.bt_conn_prepare_events
                0x0000000000005f70       0x94 zephyr/subsys/bluetooth/host/libsubsys__bluetooth__host.a(conn.c.obj)
                0x0000000000005f70                bt_conn_prepare_events
 .text.bt_conn_set_state
                0x0000000000006004      0x218 zephyr/subsys/bluetooth/host/libsubsys__bluetooth__host.a(conn.c.obj)
                0x0000000000006004                bt_conn_set_state
 .text.bt_conn_lookup_handle
                0x000000000000621c       0x40 zephyr/subsys/bluetooth/host/libsubsys__bluetooth__host.a(conn.c.obj)
                0x000000000000621c                bt_conn_lookup_handle
 .text.bt_conn_index
                0x000000000000625c       0x18 zephyr/subsys/bluetooth/host/libsubsys__bluetooth__host.a(conn.c.obj)
                0x000000000000625c                bt_conn_index
 .text.bt_conn_create_pdu_timeout
                0x0000000000006274       0x2c zephyr/subsys/bluetooth/host/libsubsys__bluetooth__host.a(conn.c.obj)
                0x0000000000006274                bt_conn_create_pdu_timeout
 .text.notify_le_param_updated
                0x00000000000062a0       0x88 zephyr/subsys/bluetooth/host/libsubsys__bluetooth__host.a(conn.c.obj)
                0x00000000000062a0                notify_le_param_updated
 .text.le_param_req
                0x0000000000006328       0x74 zephyr/subsys/bluetooth/host/libsubsys__bluetooth__host.a(conn.c.obj)
                0x0000000000006328                le_param_req
 .text.bt_conn_add_le
                0x000000000000639c       0x38 zephyr/subsys/bluetooth/host/libsubsys__bluetooth__host.a(conn.c.obj)
                0x000000000000639c                bt_conn_add_le
 .text.bt_conn_lookup_addr_le
                0x00000000000063d4       0x34 zephyr/subsys/bluetooth/host/libsubsys__bluetooth__host.a(conn.c.obj)
                0x00000000000063d4                bt_conn_lookup_addr_le
 .text.bt_conn_exists_le
                0x0000000000006408       0x70 zephyr/subsys/bluetooth/host/libsubsys__bluetooth__host.a(conn.c.obj)
                0x0000000000006408                bt_conn_exists_le
 .text.bt_conn_lookup_state_le
                0x0000000000006478       0x44 zephyr/subsys/bluetooth/host/libsubsys__bluetooth__host.a(conn.c.obj)
                0x0000000000006478                bt_conn_lookup_state_le
 .text.send_conn_le_param_update
                0x00000000000064bc       0x68 zephyr/subsys/bluetooth/host/libsubsys__bluetooth__host.a(conn.c.obj)
 .text.deferred_work
                0x0000000000006524       0xfc zephyr/subsys/bluetooth/host/libsubsys__bluetooth__host.a(conn.c.obj)
 .text.bt_conn_create_frag_timeout
                0x0000000000006620        0xc zephyr/subsys/bluetooth/host/libsubsys__bluetooth__host.a(conn.c.obj)
                0x0000000000006620                bt_conn_create_frag_timeout
 .text.bt_conn_process_tx
                0x000000000000662c      0x118 zephyr/subsys/bluetooth/host/libsubsys__bluetooth__host.a(conn.c.obj)
                0x000000000000662c                bt_conn_process_tx
 .text.bt_conn_lookup_index
                0x0000000000006744       0x10 zephyr/subsys/bluetooth/host/libsubsys__bluetooth__host.a(conn.c.obj)
                0x0000000000006744                bt_conn_lookup_index
 .text.bt_conn_init
                0x0000000000006754       0x44 zephyr/subsys/bluetooth/host/libsubsys__bluetooth__host.a(conn.c.obj)
                0x0000000000006754                bt_conn_init
 .text.l2cap_create_le_sig_pdu.part.0
                0x0000000000006798       0x1c zephyr/subsys/bluetooth/host/libsubsys__bluetooth__host.a(l2cap.c.obj)
 .text.l2cap_accept.part.0
                0x00000000000067b4       0x30 zephyr/subsys/bluetooth/host/libsubsys__bluetooth__host.a(l2cap.c.obj)
 .text.l2cap_accept
                0x00000000000067e4       0x1c zephyr/subsys/bluetooth/host/libsubsys__bluetooth__host.a(l2cap.c.obj)
 .text.bt_l2cap_connected
                0x0000000000006800       0x8c zephyr/subsys/bluetooth/host/libsubsys__bluetooth__host.a(l2cap.c.obj)
                0x0000000000006800                bt_l2cap_connected
 .text.l2cap_recv.part.0
                0x000000000000688c       0xac zephyr/subsys/bluetooth/host/libsubsys__bluetooth__host.a(l2cap.c.obj)
 .text.l2cap_recv
                0x0000000000006938       0x24 zephyr/subsys/bluetooth/host/libsubsys__bluetooth__host.a(l2cap.c.obj)
 .text.bt_l2cap_recv
                0x000000000000695c       0x58 zephyr/subsys/bluetooth/host/libsubsys__bluetooth__host.a(l2cap.c.obj)
                0x000000000000695c                bt_l2cap_recv
 .text.bt_l2cap_update_conn_param
                0x00000000000069b4       0x64 zephyr/subsys/bluetooth/host/libsubsys__bluetooth__host.a(l2cap.c.obj)
                0x00000000000069b4                bt_l2cap_update_conn_param
 .text.att_op_get_type
                0x0000000000006a18       0x74 zephyr/subsys/bluetooth/host/libsubsys__bluetooth__host.a(att.c.obj)
 .text.att_get  0x0000000000006a8c       0x4c zephyr/subsys/bluetooth/host/libsubsys__bluetooth__host.a(att.c.obj)
 .text.bt_att_released
                0x0000000000006ad8        0xc zephyr/subsys/bluetooth/host/libsubsys__bluetooth__host.a(att.c.obj)
 .text.tx_meta_data_free
                0x0000000000006ae4       0x1c zephyr/subsys/bluetooth/host/libsubsys__bluetooth__host.a(att.c.obj)
 .text.bt_att_connected
                0x0000000000006b00       0x38 zephyr/subsys/bluetooth/host/libsubsys__bluetooth__host.a(att.c.obj)
 .text.read_group_cb
                0x0000000000006b38       0xb8 zephyr/subsys/bluetooth/host/libsubsys__bluetooth__host.a(att.c.obj)
 .text.tx_meta_data_alloc
                0x0000000000006bf0       0x30 zephyr/subsys/bluetooth/host/libsubsys__bluetooth__host.a(att.c.obj)
 .text.bt_att_chan_create_pdu
                0x0000000000006c20       0xac zephyr/subsys/bluetooth/host/libsubsys__bluetooth__host.a(att.c.obj)
 .text.read_type_cb
                0x0000000000006ccc       0xac zephyr/subsys/bluetooth/host/libsubsys__bluetooth__host.a(att.c.obj)
 .text.find_type_cb
                0x0000000000006d78      0x164 zephyr/subsys/bluetooth/host/libsubsys__bluetooth__host.a(att.c.obj)
 .text.bt_att_accept
                0x0000000000006edc      0x120 zephyr/subsys/bluetooth/host/libsubsys__bluetooth__host.a(att.c.obj)
 .text.chan_send
                0x0000000000006ffc       0xd8 zephyr/subsys/bluetooth/host/libsubsys__bluetooth__host.a(att.c.obj)
 .text.bt_att_recv
                0x00000000000070d4      0x110 zephyr/subsys/bluetooth/host/libsubsys__bluetooth__host.a(att.c.obj)
 .text.att_write_rsp.constprop.0
                0x00000000000071e4       0xc8 zephyr/subsys/bluetooth/host/libsubsys__bluetooth__host.a(att.c.obj)
 .text.bt_att_create_pdu
                0x00000000000072ac       0x64 zephyr/subsys/bluetooth/host/libsubsys__bluetooth__host.a(att.c.obj)
                0x00000000000072ac                bt_att_create_pdu
 .text.bt_att_create_rsp_pdu
                0x0000000000007310       0x70 zephyr/subsys/bluetooth/host/libsubsys__bluetooth__host.a(att.c.obj)
                0x0000000000007310                bt_att_create_rsp_pdu
 .text.att_read_group_req
                0x0000000000007380       0xfc zephyr/subsys/bluetooth/host/libsubsys__bluetooth__host.a(att.c.obj)
 .text.att_read_mult_vl_req
                0x000000000000747c       0xa8 zephyr/subsys/bluetooth/host/libsubsys__bluetooth__host.a(att.c.obj)
 .text.att_read_mult_req
                0x0000000000007524       0xa8 zephyr/subsys/bluetooth/host/libsubsys__bluetooth__host.a(att.c.obj)
 .text.att_read_rsp
                0x00000000000075cc       0x9c zephyr/subsys/bluetooth/host/libsubsys__bluetooth__host.a(att.c.obj)
 .text.att_read_type_req
                0x0000000000007668       0xc8 zephyr/subsys/bluetooth/host/libsubsys__bluetooth__host.a(att.c.obj)
 .text.att_find_type_req
                0x0000000000007730       0xcc zephyr/subsys/bluetooth/host/libsubsys__bluetooth__host.a(att.c.obj)
 .text.att_find_info_req
                0x00000000000077fc       0x74 zephyr/subsys/bluetooth/host/libsubsys__bluetooth__host.a(att.c.obj)
 .text.bt_att_init
                0x0000000000007870       0x38 zephyr/subsys/bluetooth/host/libsubsys__bluetooth__host.a(att.c.obj)
                0x0000000000007870                bt_att_init
 .text.bt_att_req_alloc
                0x00000000000078a8       0x50 zephyr/subsys/bluetooth/host/libsubsys__bluetooth__host.a(att.c.obj)
                0x00000000000078a8                bt_att_req_alloc
 .text.bt_att_req_free
                0x00000000000078f8       0x28 zephyr/subsys/bluetooth/host/libsubsys__bluetooth__host.a(att.c.obj)
                0x00000000000078f8                bt_att_req_free
 .text.att_handle_rsp
                0x0000000000007920       0x80 zephyr/subsys/bluetooth/host/libsubsys__bluetooth__host.a(att.c.obj)
 .text.bt_att_disconnected
                0x00000000000079a0       0xcc zephyr/subsys/bluetooth/host/libsubsys__bluetooth__host.a(att.c.obj)
 .text.att_timeout
                0x0000000000007a6c       0xc8 zephyr/subsys/bluetooth/host/libsubsys__bluetooth__host.a(att.c.obj)
 .text.find_cf_cfg
                0x0000000000007b34       0x30 zephyr/subsys/bluetooth/host/libsubsys__bluetooth__host.a(gatt.c.obj)
 .text.find_sc_cfg
                0x0000000000007b64       0x24 zephyr/subsys/bluetooth/host/libsubsys__bluetooth__host.a(gatt.c.obj)
 .text.find_ccc_cfg
                0x0000000000007b88       0x28 zephyr/subsys/bluetooth/host/libsubsys__bluetooth__host.a(gatt.c.obj)
 .text.bt_gatt_attr_write_ccc
                0x0000000000007bb0       0xbc zephyr/subsys/bluetooth/host/libsubsys__bluetooth__host.a(gatt.c.obj)
                0x0000000000007bb0                bt_gatt_attr_write_ccc
 .text.read_ppcp
                0x0000000000007c6c       0x28 zephyr/subsys/bluetooth/host/libsubsys__bluetooth__host.a(gatt.c.obj)
 .text.clear_cf_cfg
                0x0000000000007c94       0x28 zephyr/subsys/bluetooth/host/libsubsys__bluetooth__host.a(gatt.c.obj)
 .text.sc_save  0x0000000000007cbc       0x60 zephyr/subsys/bluetooth/host/libsubsys__bluetooth__host.a(gatt.c.obj)
 .text.disconnected_cb
                0x0000000000007d1c       0xa0 zephyr/subsys/bluetooth/host/libsubsys__bluetooth__host.a(gatt.c.obj)
 .text.cf_write
                0x0000000000007dbc       0x98 zephyr/subsys/bluetooth/host/libsubsys__bluetooth__host.a(gatt.c.obj)
 .text.sc_indicate_rsp
                0x0000000000007e54       0x4c zephyr/subsys/bluetooth/host/libsubsys__bluetooth__host.a(gatt.c.obj)
 .text.bt_gatt_init
                0x0000000000007ea0       0x78 zephyr/subsys/bluetooth/host/libsubsys__bluetooth__host.a(gatt.c.obj)
                0x0000000000007ea0                bt_gatt_init
 .text.bt_gatt_attr_get_handle
                0x0000000000007f18       0x60 zephyr/subsys/bluetooth/host/libsubsys__bluetooth__host.a(gatt.c.obj)
                0x0000000000007f18                bt_gatt_attr_get_handle
 .text.bt_gatt_foreach_attr_type
                0x0000000000007f78       0xb4 zephyr/subsys/bluetooth/host/libsubsys__bluetooth__host.a(gatt.c.obj)
                0x0000000000007f78                bt_gatt_foreach_attr_type
 .text.db_hash_gen
                0x000000000000802c       0x80 zephyr/subsys/bluetooth/host/libsubsys__bluetooth__host.a(gatt.c.obj)
 .text.db_hash_read
                0x00000000000080ac       0x64 zephyr/subsys/bluetooth/host/libsubsys__bluetooth__host.a(gatt.c.obj)
 .text.db_hash_process
                0x0000000000008110       0x14 zephyr/subsys/bluetooth/host/libsubsys__bluetooth__host.a(gatt.c.obj)
 .text.bt_gatt_attr_next
                0x0000000000008124       0x24 zephyr/subsys/bluetooth/host/libsubsys__bluetooth__host.a(gatt.c.obj)
                0x0000000000008124                bt_gatt_attr_next
 .text.gatt_indicate
                0x0000000000008148       0xd8 zephyr/subsys/bluetooth/host/libsubsys__bluetooth__host.a(gatt.c.obj)
 .text.bt_gatt_indicate
                0x0000000000008220       0xf0 zephyr/subsys/bluetooth/host/libsubsys__bluetooth__host.a(gatt.c.obj)
                0x0000000000008220                bt_gatt_indicate
 .text.sc_process
                0x0000000000008310       0x60 zephyr/subsys/bluetooth/host/libsubsys__bluetooth__host.a(gatt.c.obj)
 .text.update_ccc
                0x0000000000008370       0xf4 zephyr/subsys/bluetooth/host/libsubsys__bluetooth__host.a(gatt.c.obj)
 .text.gatt_notify
                0x0000000000008464       0xac zephyr/subsys/bluetooth/host/libsubsys__bluetooth__host.a(gatt.c.obj)
 .text.notify_cb
                0x0000000000008510      0x110 zephyr/subsys/bluetooth/host/libsubsys__bluetooth__host.a(gatt.c.obj)
 .text.bt_gatt_connected
                0x0000000000008620       0x20 zephyr/subsys/bluetooth/host/libsubsys__bluetooth__host.a(gatt.c.obj)
                0x0000000000008620                bt_gatt_connected
 .text.bt_gatt_att_max_mtu_changed
                0x0000000000008640       0x28 zephyr/subsys/bluetooth/host/libsubsys__bluetooth__host.a(gatt.c.obj)
                0x0000000000008640                bt_gatt_att_max_mtu_changed
 .text.bt_gatt_disconnected
                0x0000000000008668       0x48 zephyr/subsys/bluetooth/host/libsubsys__bluetooth__host.a(gatt.c.obj)
                0x0000000000008668                bt_gatt_disconnected
 .text.bt_smp_accept.part.0
                0x00000000000086b0       0x30 zephyr/subsys/bluetooth/host/libsubsys__bluetooth__host.a(smp_null.c.obj)
 .text.bt_smp_accept
                0x00000000000086e0       0x1c zephyr/subsys/bluetooth/host/libsubsys__bluetooth__host.a(smp_null.c.obj)
 .text.net_buf_destroy
                0x00000000000086fc       0x38 zephyr/subsys/net/libsubsys__net.a(buf.c.obj)
 .text.net_buf_pool_get
                0x0000000000008734       0x10 zephyr/subsys/net/libsubsys__net.a(buf.c.obj)
                0x0000000000008734                net_buf_pool_get
 .text.net_buf_id
                0x0000000000008744       0x20 zephyr/subsys/net/libsubsys__net.a(buf.c.obj)
                0x0000000000008744                net_buf_id
 .text.fixed_data_alloc
                0x0000000000008764       0x30 zephyr/subsys/net/libsubsys__net.a(buf.c.obj)
 .text.net_buf_alloc_len
                0x0000000000008794       0xf4 zephyr/subsys/net/libsubsys__net.a(buf.c.obj)
                0x0000000000008794                net_buf_alloc_len
 .text.net_buf_unref
                0x0000000000008888       0x38 zephyr/subsys/net/libsubsys__net.a(buf.c.obj)
                0x0000000000008888                net_buf_unref
 .text.bt_ipc_send
                0x00000000000088c0       0x54 zephyr/drivers/bluetooth/libdrivers__bluetooth.a(ipc.c.obj)
 .text.bt_ipc_init
                0x0000000000008914       0x28 zephyr/drivers/bluetooth/libdrivers__bluetooth.a(ipc.c.obj)
 .text.hci_ept_bound
                0x000000000000893c        0xc zephyr/drivers/bluetooth/libdrivers__bluetooth.a(ipc.c.obj)
 .text.bt_ipc_open.part.0
                0x0000000000008948       0x6c zephyr/drivers/bluetooth/libdrivers__bluetooth.a(ipc.c.obj)
 .text.hci_ept_recv
                0x00000000000089b4      0x1c0 zephyr/drivers/bluetooth/libdrivers__bluetooth.a(ipc.c.obj)
 .text.bt_ipc_open
                0x0000000000008b74       0x2c zephyr/drivers/bluetooth/libdrivers__bluetooth.a(ipc.c.obj)
 .text.bt_ipc_close.part.0
                0x0000000000008ba0       0x54 zephyr/drivers/bluetooth/libdrivers__bluetooth.a(ipc.c.obj)
 .text.bt_ipc_close
                0x0000000000008bf4       0x30 zephyr/drivers/bluetooth/libdrivers__bluetooth.a(ipc.c.obj)
 .text.bt_hci_transport_setup
                0x0000000000008c24       0x18 zephyr/drivers/bluetooth/libdrivers__bluetooth.a(nrf53_support.c.obj)
                0x0000000000008c24                bt_hci_transport_setup
 .text.onoff_stop
                0x0000000000008c3c       0x30 zephyr/drivers/clock_control/libdrivers__clock_control.a(clock_control_nrf.c.obj)
 .text.onoff_start
                0x0000000000008c6c       0x44 zephyr/drivers/clock_control/libdrivers__clock_control.a(clock_control_nrf.c.obj)
 .text.clk_init
                0x0000000000008cb0       0x64 zephyr/drivers/clock_control/libdrivers__clock_control.a(clock_control_nrf.c.obj)
 .text.clkstarted_handle.constprop.0
                0x0000000000008d14       0x34 zephyr/drivers/clock_control/libdrivers__clock_control.a(clock_control_nrf.c.obj)
 .text.clock_event_handler
                0x0000000000008d48       0x30 zephyr/drivers/clock_control/libdrivers__clock_control.a(clock_control_nrf.c.obj)
 .text.generic_hfclk_start
                0x0000000000008d78       0x64 zephyr/drivers/clock_control/libdrivers__clock_control.a(clock_control_nrf.c.obj)
 .text.api_blocking_start
                0x0000000000008ddc       0x3c zephyr/drivers/clock_control/libdrivers__clock_control.a(clock_control_nrf.c.obj)
 .text.generic_hfclk_stop
                0x0000000000008e18       0x34 zephyr/drivers/clock_control/libdrivers__clock_control.a(clock_control_nrf.c.obj)
 .text.z_nrf_clock_control_lf_on
                0x0000000000008e4c       0xfc zephyr/drivers/clock_control/libdrivers__clock_control.a(clock_control_nrf.c.obj)
                0x0000000000008e4c                z_nrf_clock_control_lf_on
 .text.uart_console_init
                0x0000000000008f48       0x28 zephyr/drivers/console/libdrivers__console.a(uart_console.c.obj)
 .text.console_out
                0x0000000000008f70       0x28 zephyr/drivers/console/libdrivers__console.a(uart_console.c.obj)
 .text.gpio_nrfx_pin_interrupt_configure
                0x0000000000008f98      0x100 zephyr/drivers/gpio/libdrivers__gpio.a(gpio_nrfx.c.obj)
 .text.gpio_nrfx_init
                0x0000000000009098       0x48 zephyr/drivers/gpio/libdrivers__gpio.a(gpio_nrfx.c.obj)
 .text.nrfx_gpio_handler
                0x00000000000090e0       0x4c zephyr/drivers/gpio/libdrivers__gpio.a(gpio_nrfx.c.obj)
 .text.gpio_nrfx_pin_configure
                0x000000000000912c      0x18c zephyr/drivers/gpio/libdrivers__gpio.a(gpio_nrfx.c.obj)
 .text.mbox_nrf_init
                0x00000000000092b8       0x9c zephyr/drivers/mbox/libdrivers__mbox.a(mbox_nrfx_ipc.c.obj)
 .text.mbox_nrf_set_enabled
                0x0000000000009354       0x94 zephyr/drivers/mbox/libdrivers__mbox.a(mbox_nrfx_ipc.c.obj)
 .text.mbox_nrf_send
                0x00000000000093e8       0x44 zephyr/drivers/mbox/libdrivers__mbox.a(mbox_nrfx_ipc.c.obj)
 .text.mbox_dispatcher
                0x000000000000942c       0x60 zephyr/drivers/mbox/libdrivers__mbox.a(mbox_nrfx_ipc.c.obj)
 .text.nrf_gpio_pin_port_decode
                0x000000000000948c       0x24 zephyr/drivers/pinctrl/libdrivers__pinctrl.a(pinctrl_nrf.c.obj)
 .text.pinctrl_configure_pins
                0x00000000000094b0      0x1a8 zephyr/drivers/pinctrl/libdrivers__pinctrl.a(pinctrl_nrf.c.obj)
                0x00000000000094b0                pinctrl_configure_pins
 .text.uarte_0_init
                0x0000000000009658      0x27c zephyr/drivers/serial/libdrivers__serial.a(uart_nrfx_uarte.c.obj)
 .text.uarte_nrfx_poll_out
                0x00000000000098d4       0xcc zephyr/drivers/serial/libdrivers__serial.a(uart_nrfx_uarte.c.obj)
 .text.compare_int_lock
                0x00000000000099a0       0x40 zephyr/drivers/timer/libdrivers__timer.a(nrf_rtc_timer.c.obj)
 .text.sys_clock_timeout_handler
                0x00000000000099e0       0x48 zephyr/drivers/timer/libdrivers__timer.a(nrf_rtc_timer.c.obj)
 .text.compare_int_unlock
                0x0000000000009a28       0x4c zephyr/drivers/timer/libdrivers__timer.a(nrf_rtc_timer.c.obj)
 .text.z_nrf_rtc_timer_compare_evt_address_get
                0x0000000000009a74       0x10 zephyr/drivers/timer/libdrivers__timer.a(nrf_rtc_timer.c.obj)
                0x0000000000009a74                z_nrf_rtc_timer_compare_evt_address_get
 .text.z_nrf_rtc_timer_compare_read
                0x0000000000009a84       0x10 zephyr/drivers/timer/libdrivers__timer.a(nrf_rtc_timer.c.obj)
                0x0000000000009a84                z_nrf_rtc_timer_compare_read
 .text.z_nrf_rtc_timer_read
                0x0000000000009a94       0x44 zephyr/drivers/timer/libdrivers__timer.a(nrf_rtc_timer.c.obj)
                0x0000000000009a94                z_nrf_rtc_timer_read
 .text.compare_set
                0x0000000000009ad8      0x124 zephyr/drivers/timer/libdrivers__timer.a(nrf_rtc_timer.c.obj)
 .text.sys_clock_driver_init
                0x0000000000009bfc       0xa4 zephyr/drivers/timer/libdrivers__timer.a(nrf_rtc_timer.c.obj)
 .text.rtc_nrf_isr
                0x0000000000009ca0      0x100 zephyr/drivers/timer/libdrivers__timer.a(nrf_rtc_timer.c.obj)
                0x0000000000009ca0                rtc_nrf_isr
 .text.z_nrf_rtc_timer_chan_alloc
                0x0000000000009da0       0x3c zephyr/drivers/timer/libdrivers__timer.a(nrf_rtc_timer.c.obj)
                0x0000000000009da0                z_nrf_rtc_timer_chan_alloc
 .text.z_nrf_rtc_timer_chan_free
                0x0000000000009ddc       0x1c zephyr/drivers/timer/libdrivers__timer.a(nrf_rtc_timer.c.obj)
                0x0000000000009ddc                z_nrf_rtc_timer_chan_free
 .text.sys_clock_set_timeout
                0x0000000000009df8       0x5c zephyr/drivers/timer/libdrivers__timer.a(nrf_rtc_timer.c.obj)
                0x0000000000009df8                sys_clock_set_timeout
 .text.sys_clock_elapsed
                0x0000000000009e54       0x14 zephyr/drivers/timer/libdrivers__timer.a(nrf_rtc_timer.c.obj)
                0x0000000000009e54                sys_clock_elapsed
 .text.sys_clock_disable
                0x0000000000009e68       0x30 zephyr/drivers/timer/libdrivers__timer.a(nrf_rtc_timer.c.obj)
                0x0000000000009e68                sys_clock_disable
 .text.k_sys_fatal_error_handler
                0x0000000000009e98       0x20 modules/nrf/lib/fatal_error/lib..__nrf__lib__fatal_error.a(fatal_error.c.obj)
                0x0000000000009e98                k_sys_fatal_error_handler
 .text.nrf53_errata_42
                0x0000000000009eb8       0x24 modules/hal_nordic/nrfx/libmodules__hal_nordic__nrfx.a(system_nrf5340_application.c.obj)
 .text.SystemInit
                0x0000000000009edc      0x1c4 modules/hal_nordic/nrfx/libmodules__hal_nordic__nrfx.a(system_nrf5340_application.c.obj)
                0x0000000000009edc                SystemInit
 .text.nrfx_flag32_alloc
                0x000000000000a0a0       0x40 modules/hal_nordic/nrfx/libmodules__hal_nordic__nrfx.a(nrfx_flag32_allocator.c.obj)
                0x000000000000a0a0                nrfx_flag32_alloc
 .text.nrfx_flag32_free
                0x000000000000a0e0       0x38 modules/hal_nordic/nrfx/libmodules__hal_nordic__nrfx.a(nrfx_flag32_allocator.c.obj)
                0x000000000000a0e0                nrfx_flag32_free
 .text.nrfx_gppi_channels_enable
                0x000000000000a118        0xc modules/hal_nordic/nrfx/libmodules__hal_nordic__nrfx.a(nrfx_gppi_dppi.c.obj)
                0x000000000000a118                nrfx_gppi_channels_enable
 .text.nrfx_gppi_channels_disable
                0x000000000000a124        0xc modules/hal_nordic/nrfx/libmodules__hal_nordic__nrfx.a(nrfx_gppi_dppi.c.obj)
                0x000000000000a124                nrfx_gppi_channels_disable
 .text.nrfx_clock_init
                0x000000000000a130       0x20 modules/hal_nordic/nrfx/libmodules__hal_nordic__nrfx.a(nrfx_clock.c.obj)
                0x000000000000a130                nrfx_clock_init
 .text.nrfx_clock_enable
                0x000000000000a150       0x30 modules/hal_nordic/nrfx/libmodules__hal_nordic__nrfx.a(nrfx_clock.c.obj)
                0x000000000000a150                nrfx_clock_enable
 .text.nrfx_clock_start
                0x000000000000a180       0xd0 modules/hal_nordic/nrfx/libmodules__hal_nordic__nrfx.a(nrfx_clock.c.obj)
                0x000000000000a180                nrfx_clock_start
 .text.nrfx_power_clock_irq_handler
                0x000000000000a250       0xb0 modules/hal_nordic/nrfx/libmodules__hal_nordic__nrfx.a(nrfx_clock.c.obj)
                0x000000000000a250                nrfx_power_clock_irq_handler
 .text.nrfx_dppi_channel_alloc
                0x000000000000a300        0xc modules/hal_nordic/nrfx/libmodules__hal_nordic__nrfx.a(nrfx_dppi.c.obj)
                0x000000000000a300                nrfx_dppi_channel_alloc
 .text.nrfx_dppi_channel_free
                0x000000000000a30c       0x1c modules/hal_nordic/nrfx/libmodules__hal_nordic__nrfx.a(nrfx_dppi.c.obj)
                0x000000000000a30c                nrfx_dppi_channel_free
 .text.nrf_gpio_pin_port_decode
                0x000000000000a328       0x24 modules/hal_nordic/nrfx/libmodules__hal_nordic__nrfx.a(nrfx_gpiote.c.obj)
 .text.get_pin_idx
                0x000000000000a34c       0x14 modules/hal_nordic/nrfx/libmodules__hal_nordic__nrfx.a(nrfx_gpiote.c.obj)
 .text.call_handler.constprop.0
                0x000000000000a360       0x40 modules/hal_nordic/nrfx/libmodules__hal_nordic__nrfx.a(nrfx_gpiote.c.obj)
 .text.pin_te_get.constprop.0
                0x000000000000a3a0       0x18 modules/hal_nordic/nrfx/libmodules__hal_nordic__nrfx.a(nrfx_gpiote.c.obj)
 .text.pin_is_output.constprop.0
                0x000000000000a3b8       0x18 modules/hal_nordic/nrfx/libmodules__hal_nordic__nrfx.a(nrfx_gpiote.c.obj)
 .text.pin_in_use_by_te.constprop.0
                0x000000000000a3d0       0x18 modules/hal_nordic/nrfx/libmodules__hal_nordic__nrfx.a(nrfx_gpiote.c.obj)
 .text.latch_pending_read_and_check
                0x000000000000a3e8       0x3c modules/hal_nordic/nrfx/libmodules__hal_nordic__nrfx.a(nrfx_gpiote.c.obj)
 .text.release_handler.isra.0
                0x000000000000a424       0x58 modules/hal_nordic/nrfx/libmodules__hal_nordic__nrfx.a(nrfx_gpiote.c.obj)
 .text.__nrfy_internal_gpiote_events_process.constprop.0
                0x000000000000a47c       0x5c modules/hal_nordic/nrfx/libmodules__hal_nordic__nrfx.a(nrfx_gpiote.c.obj)
 .text.pin_uninit
                0x000000000000a4d8       0x84 modules/hal_nordic/nrfx/libmodules__hal_nordic__nrfx.a(nrfx_gpiote.c.obj)
 .text.nrfx_gpiote_input_configure
                0x000000000000a55c      0x178 modules/hal_nordic/nrfx/libmodules__hal_nordic__nrfx.a(nrfx_gpiote.c.obj)
                0x000000000000a55c                nrfx_gpiote_input_configure
 .text.nrfx_gpiote_output_configure
                0x000000000000a6d4      0x104 modules/hal_nordic/nrfx/libmodules__hal_nordic__nrfx.a(nrfx_gpiote.c.obj)
                0x000000000000a6d4                nrfx_gpiote_output_configure
 .text.nrfx_gpiote_global_callback_set
                0x000000000000a7d8        0xc modules/hal_nordic/nrfx/libmodules__hal_nordic__nrfx.a(nrfx_gpiote.c.obj)
                0x000000000000a7d8                nrfx_gpiote_global_callback_set
 .text.nrfx_gpiote_channel_get
                0x000000000000a7e4       0x34 modules/hal_nordic/nrfx/libmodules__hal_nordic__nrfx.a(nrfx_gpiote.c.obj)
                0x000000000000a7e4                nrfx_gpiote_channel_get
 .text.nrfx_gpiote_init
                0x000000000000a818       0x6c modules/hal_nordic/nrfx/libmodules__hal_nordic__nrfx.a(nrfx_gpiote.c.obj)
                0x000000000000a818                nrfx_gpiote_init
 .text.nrfx_gpiote_init_check
                0x000000000000a884       0x14 modules/hal_nordic/nrfx/libmodules__hal_nordic__nrfx.a(nrfx_gpiote.c.obj)
                0x000000000000a884                nrfx_gpiote_init_check
 .text.nrfx_gpiote_channel_free
                0x000000000000a898        0xc modules/hal_nordic/nrfx/libmodules__hal_nordic__nrfx.a(nrfx_gpiote.c.obj)
                0x000000000000a898                nrfx_gpiote_channel_free
 .text.nrfx_gpiote_channel_alloc
                0x000000000000a8a4        0xc modules/hal_nordic/nrfx/libmodules__hal_nordic__nrfx.a(nrfx_gpiote.c.obj)
                0x000000000000a8a4                nrfx_gpiote_channel_alloc
 .text.nrfx_gpiote_trigger_enable
                0x000000000000a8b0       0x98 modules/hal_nordic/nrfx/libmodules__hal_nordic__nrfx.a(nrfx_gpiote.c.obj)
                0x000000000000a8b0                nrfx_gpiote_trigger_enable
 .text.nrfx_gpiote_0_irq_handler
                0x000000000000a948      0x1b8 modules/hal_nordic/nrfx/libmodules__hal_nordic__nrfx.a(nrfx_gpiote.c.obj)
                0x000000000000a948                nrfx_gpiote_0_irq_handler
 .text.nrfx_ipc_init
                0x000000000000ab00       0x30 modules/hal_nordic/nrfx/libmodules__hal_nordic__nrfx.a(nrfx_ipc.c.obj)
                0x000000000000ab00                nrfx_ipc_init
 .text.nrfx_ipc_config_load
                0x000000000000ab30       0x40 modules/hal_nordic/nrfx/libmodules__hal_nordic__nrfx.a(nrfx_ipc.c.obj)
                0x000000000000ab30                nrfx_ipc_config_load
 .text.nrfx_ipc_receive_event_enable
                0x000000000000ab70       0x10 modules/hal_nordic/nrfx/libmodules__hal_nordic__nrfx.a(nrfx_ipc.c.obj)
                0x000000000000ab70                nrfx_ipc_receive_event_enable
 .text.nrfx_ipc_receive_event_disable
                0x000000000000ab80       0x10 modules/hal_nordic/nrfx/libmodules__hal_nordic__nrfx.a(nrfx_ipc.c.obj)
                0x000000000000ab80                nrfx_ipc_receive_event_disable
 .text.nrfx_ipc_irq_handler
                0x000000000000ab90       0x40 modules/hal_nordic/nrfx/libmodules__hal_nordic__nrfx.a(nrfx_ipc.c.obj)
                0x000000000000ab90                nrfx_ipc_irq_handler
 .text.metal_generic_dev_open
                0x000000000000abd0       0x40 modules/libmetal/libmetal/lib/libmetal.a(device.c.obj)
                0x000000000000abd0                metal_generic_dev_open
 .text.metal_bus_unregister
                0x000000000000ac10       0x3c modules/libmetal/libmetal/lib/libmetal.a(device.c.obj)
                0x000000000000ac10                metal_bus_unregister
 .text.metal_bus_find
                0x000000000000ac4c       0x3c modules/libmetal/libmetal/lib/libmetal.a(device.c.obj)
                0x000000000000ac4c                metal_bus_find
 .text.metal_bus_register
                0x000000000000ac88       0x5c modules/libmetal/libmetal/lib/libmetal.a(device.c.obj)
                0x000000000000ac88                metal_bus_register
 .text.metal_register_generic_device
                0x000000000000ace4       0x3c modules/libmetal/libmetal/lib/libmetal.a(device.c.obj)
                0x000000000000ace4                metal_register_generic_device
 .text.metal_init
                0x000000000000ad20       0x40 modules/libmetal/libmetal/lib/libmetal.a(init.c.obj)
                0x000000000000ad20                metal_init
 .text.metal_finish
                0x000000000000ad60       0x18 modules/libmetal/libmetal/lib/libmetal.a(init.c.obj)
                0x000000000000ad60                metal_finish
 .text.metal_sys_init
                0x000000000000ad78       0x10 modules/libmetal/libmetal/lib/libmetal.a(init.c.obj)
                0x000000000000ad78                metal_sys_init
 .text.metal_sys_finish
                0x000000000000ad88        0xc modules/libmetal/libmetal/lib/libmetal.a(init.c.obj)
                0x000000000000ad88                metal_sys_finish
 .text.metal_zephyr_log_handler
                0x000000000000ad94       0x3c modules/libmetal/libmetal/lib/libmetal.a(log.c.obj)
                0x000000000000ad94                metal_zephyr_log_handler
 .text.virtio_create_virtqueues
                0x000000000000add0       0xbc modules/open-amp/open-amp/lib/libopen_amp.a(virtio.c.obj)
                0x000000000000add0                virtio_create_virtqueues
 .text.virtqueue_free
                0x000000000000ae8c       0x38 modules/open-amp/open-amp/lib/libopen_amp.a(virtqueue.c.obj)
                0x000000000000ae8c                virtqueue_free
 .text.virtqueue_add_consumed_buffer
                0x000000000000aec4       0x38 modules/open-amp/open-amp/lib/libopen_amp.a(virtqueue.c.obj)
                0x000000000000aec4                virtqueue_add_consumed_buffer
 .text.rpmsg_send_offchannel_raw
                0x000000000000aefc       0x2c modules/open-amp/open-amp/lib/libopen_amp.a(rpmsg.c.obj)
                0x000000000000aefc                rpmsg_send_offchannel_raw
 .text.rpmsg_send_offchannel_nocopy
                0x000000000000af28       0x2c modules/open-amp/open-amp/lib/libopen_amp.a(rpmsg.c.obj)
                0x000000000000af28                rpmsg_send_offchannel_nocopy
 .text.rpmsg_register_endpoint
                0x000000000000af54       0x40 modules/open-amp/open-amp/lib/libopen_amp.a(rpmsg.c.obj)
                0x000000000000af54                rpmsg_register_endpoint
 .text.rpmsg_create_ept
                0x000000000000af94      0x100 modules/open-amp/open-amp/lib/libopen_amp.a(rpmsg.c.obj)
                0x000000000000af94                rpmsg_create_ept
 .text.rpmsg_virtio_send_offchannel_raw
                0x000000000000b094       0x5c modules/open-amp/open-amp/lib/libopen_amp.a(rpmsg_virtio.c.obj)
 .text.rpmsg_virtio_get_buffer_size
                0x000000000000b0f0       0x4c modules/open-amp/open-amp/lib/libopen_amp.a(rpmsg_virtio.c.obj)
                0x000000000000b0f0                rpmsg_virtio_get_buffer_size
 .text.rpmsg_init_vdev_with_config
                0x000000000000b13c      0x258 modules/open-amp/open-amp/lib/libopen_amp.a(rpmsg_virtio.c.obj)
                0x000000000000b13c                rpmsg_init_vdev_with_config
 .text.rpmsg_init_vdev
                0x000000000000b394       0x2c modules/open-amp/open-amp/lib/libopen_amp.a(rpmsg_virtio.c.obj)
                0x000000000000b394                rpmsg_init_vdev
 .text.z_fatal_error
                0x000000000000b3c0       0xec zephyr/kernel/libkernel.a(fatal.c.obj)
                0x000000000000b3c0                z_fatal_error
 .text.z_sys_init_run_level
                0x000000000000b4ac       0x48 zephyr/kernel/libkernel.a(init.c.obj)
 .text.bg_thread_main
                0x000000000000b4f4       0x34 zephyr/kernel/libkernel.a(init.c.obj)
 .text.z_bss_zero
                0x000000000000b528       0x18 zephyr/kernel/libkernel.a(init.c.obj)
                0x000000000000b528                z_bss_zero
 .text.z_init_cpu
                0x000000000000b540       0x7c zephyr/kernel/libkernel.a(init.c.obj)
                0x000000000000b540                z_init_cpu
 .text.z_cstart
                0x000000000000b5bc       0xe4 zephyr/kernel/libkernel.a(init.c.obj)
                0x000000000000b5bc                z_cstart
 .text.statics_init
                0x000000000000b6a0       0x24 zephyr/kernel/libkernel.a(kheap.c.obj)
 .text.init_mem_slab_obj_core_list
                0x000000000000b6c4       0x24 zephyr/kernel/libkernel.a(mem_slab.c.obj)
 .text.k_mem_slab_alloc
                0x000000000000b6e8       0x5c zephyr/kernel/libkernel.a(mem_slab.c.obj)
                0x000000000000b6e8                k_mem_slab_alloc
 .text.z_setup_new_thread
                0x000000000000b744       0x7c zephyr/kernel/libkernel.a(thread.c.obj)
                0x000000000000b744                z_setup_new_thread
 .text.z_impl_k_thread_create
                0x000000000000b7c0       0x58 zephyr/kernel/libkernel.a(thread.c.obj)
                0x000000000000b7c0                z_impl_k_thread_create
 .text.z_init_static_threads
                0x000000000000b818       0x98 zephyr/kernel/libkernel.a(thread.c.obj)
                0x000000000000b818                z_init_static_threads
 .text.z_impl_k_mutex_unlock
                0x000000000000b8b0       0x78 zephyr/kernel/libkernel.a(mutex.c.obj)
                0x000000000000b8b0                z_impl_k_mutex_unlock
 .text.z_impl_k_mutex_lock
                0x000000000000b928       0xf4 zephyr/kernel/libkernel.a(mutex.c.obj)
                0x000000000000b928                z_impl_k_mutex_lock
 .text.z_impl_k_queue_get
                0x000000000000ba1c       0x68 zephyr/kernel/libkernel.a(queue.c.obj)
                0x000000000000ba1c                z_impl_k_queue_get
 .text.z_impl_k_sem_give
                0x000000000000ba84       0x4c zephyr/kernel/libkernel.a(sem.c.obj)
                0x000000000000ba84                z_impl_k_sem_give
 .text.z_impl_k_sem_take
                0x000000000000bad0       0x50 zephyr/kernel/libkernel.a(sem.c.obj)
                0x000000000000bad0                z_impl_k_sem_take
 .text.k_sys_work_q_init
                0x000000000000bb20       0x34 zephyr/kernel/libkernel.a(system_work_q.c.obj)
 .text.work_queue_main
                0x000000000000bb54      0x138 zephyr/kernel/libkernel.a(work.c.obj)
 .text.cancel_sync_locked
                0x000000000000bc8c       0x3c zephyr/kernel/libkernel.a(work.c.obj)
 .text.submit_to_queue_locked
                0x000000000000bcc8       0xb4 zephyr/kernel/libkernel.a(work.c.obj)
 .text.work_flush_locked
                0x000000000000bd7c       0x84 zephyr/kernel/libkernel.a(work.c.obj)
 .text.k_work_submit
                0x000000000000be00        0xc zephyr/kernel/libkernel.a(work.c.obj)
                0x000000000000be00                k_work_submit
 .text.k_work_queue_start
                0x000000000000be0c       0x70 zephyr/kernel/libkernel.a(work.c.obj)
                0x000000000000be0c                k_work_queue_start
 .text.k_work_queue_drain
                0x000000000000be7c       0x7c zephyr/kernel/libkernel.a(work.c.obj)
                0x000000000000be7c                k_work_queue_drain
 .text.k_work_schedule_for_queue
                0x000000000000bef8       0x54 zephyr/kernel/libkernel.a(work.c.obj)
                0x000000000000bef8                k_work_schedule_for_queue
 .text.k_work_schedule
                0x000000000000bf4c        0xc zephyr/kernel/libkernel.a(work.c.obj)
                0x000000000000bf4c                k_work_schedule
 .text.k_work_reschedule_for_queue
                0x000000000000bf58       0x5c zephyr/kernel/libkernel.a(work.c.obj)
                0x000000000000bf58                k_work_reschedule_for_queue
 .text.k_work_reschedule
                0x000000000000bfb4        0xc zephyr/kernel/libkernel.a(work.c.obj)
                0x000000000000bfb4                k_work_reschedule
 .text.sliceable
                0x000000000000bfc0       0x3c zephyr/kernel/libkernel.a(sched.c.obj)
 .text.slice_timeout
                0x000000000000bffc       0x20 zephyr/kernel/libkernel.a(sched.c.obj)
 .text.z_reset_time_slice
                0x000000000000c01c       0x50 zephyr/kernel/libkernel.a(sched.c.obj)
                0x000000000000c01c                z_reset_time_slice
 .text.update_cache
                0x000000000000c06c       0x3c zephyr/kernel/libkernel.a(sched.c.obj)
 .text.move_thread_to_end_of_prio_q
                0x000000000000c0a8       0x74 zephyr/kernel/libkernel.a(sched.c.obj)
 .text.ready_thread
                0x000000000000c11c       0x68 zephyr/kernel/libkernel.a(sched.c.obj)
 .text.unready_thread
                0x000000000000c184       0x30 zephyr/kernel/libkernel.a(sched.c.obj)
 .text.pend_locked
                0x000000000000c1b4       0x30 zephyr/kernel/libkernel.a(sched.c.obj)
 .text.z_thread_halt
                0x000000000000c1e4       0xa0 zephyr/kernel/libkernel.a(sched.c.obj)
 .text.z_time_slice
                0x000000000000c284       0x60 zephyr/kernel/libkernel.a(sched.c.obj)
                0x000000000000c284                z_time_slice
 .text.z_pend_curr
                0x000000000000c2e4       0x3c zephyr/kernel/libkernel.a(sched.c.obj)
                0x000000000000c2e4                z_pend_curr
 .text.z_set_prio
                0x000000000000c320       0x8c zephyr/kernel/libkernel.a(sched.c.obj)
                0x000000000000c320                z_set_prio
 .text.z_reschedule
                0x000000000000c3ac       0x24 zephyr/kernel/libkernel.a(sched.c.obj)
                0x000000000000c3ac                z_reschedule
 .text.z_sched_start
                0x000000000000c3d0       0x3c zephyr/kernel/libkernel.a(sched.c.obj)
                0x000000000000c3d0                z_sched_start
 .text.k_sched_lock
                0x000000000000c40c       0x28 zephyr/kernel/libkernel.a(sched.c.obj)
                0x000000000000c40c                k_sched_lock
 .text.k_sched_unlock
                0x000000000000c434       0x38 zephyr/kernel/libkernel.a(sched.c.obj)
                0x000000000000c434                k_sched_unlock
 .text.z_sched_init
                0x000000000000c46c       0x10 zephyr/kernel/libkernel.a(sched.c.obj)
                0x000000000000c46c                z_sched_init
 .text.z_impl_k_yield
                0x000000000000c47c       0x7c zephyr/kernel/libkernel.a(sched.c.obj)
                0x000000000000c47c                z_impl_k_yield
 .text.z_tick_sleep
                0x000000000000c4f8       0x88 zephyr/kernel/libkernel.a(sched.c.obj)
 .text.z_impl_k_sleep
                0x000000000000c580       0x34 zephyr/kernel/libkernel.a(sched.c.obj)
                0x000000000000c580                z_impl_k_sleep
 .text.z_impl_k_sched_current_thread_query
                0x000000000000c5b4        0xc zephyr/kernel/libkernel.a(sched.c.obj)
                0x000000000000c5b4                z_impl_k_sched_current_thread_query
 .text.z_sched_wait
                0x000000000000c5c0       0x24 zephyr/kernel/libkernel.a(sched.c.obj)
                0x000000000000c5c0                z_sched_wait
 .text.z_data_copy
                0x000000000000c5e4       0x34 zephyr/kernel/libkernel.a(xip.c.obj)
                0x000000000000c5e4                z_data_copy
 .text.elapsed  0x000000000000c618       0x14 zephyr/kernel/libkernel.a(timeout.c.obj)
 .text.next_timeout
                0x000000000000c62c       0x40 zephyr/kernel/libkernel.a(timeout.c.obj)
 .text.remove_timeout
                0x000000000000c66c       0x38 zephyr/kernel/libkernel.a(timeout.c.obj)
 .text.z_add_timeout
                0x000000000000c6a4       0xec zephyr/kernel/libkernel.a(timeout.c.obj)
                0x000000000000c6a4                z_add_timeout
 .text.sys_clock_announce
                0x000000000000c790       0xd4 zephyr/kernel/libkernel.a(timeout.c.obj)
                0x000000000000c790                sys_clock_announce
 .text.sys_clock_tick_get
                0x000000000000c864       0x34 zephyr/kernel/libkernel.a(timeout.c.obj)
                0x000000000000c864                sys_clock_tick_get
 .text.z_timer_expiration_handler
                0x000000000000c898       0xe4 zephyr/kernel/libkernel.a(timer.c.obj)
                0x000000000000c898                z_timer_expiration_handler
 .text.z_impl_k_timer_start
                0x000000000000c97c       0x74 zephyr/kernel/libkernel.a(timer.c.obj)
                0x000000000000c97c                z_impl_k_timer_start
 .text.z_impl_k_poll
                0x000000000000c9f0       0xb8 zephyr/kernel/libkernel.a(poll.c.obj)
                0x000000000000c9f0                z_impl_k_poll
 .text.z_impl_k_poll_signal_raise
                0x000000000000caa8       0x50 zephyr/kernel/libkernel.a(poll.c.obj)
                0x000000000000caa8                z_impl_k_poll_signal_raise
 .text.k_aligned_alloc
                0x000000000000caf8       0x10 zephyr/kernel/libkernel.a(mempool.c.obj)
                0x000000000000caf8                k_aligned_alloc
 .text.k_thread_system_pool_assign
                0x000000000000cb08        0xc zephyr/kernel/libkernel.a(mempool.c.obj)
                0x000000000000cb08                k_thread_system_pool_assign
 .text.z_thread_aligned_alloc
                0x000000000000cb14       0x30 zephyr/kernel/libkernel.a(mempool.c.obj)
                0x000000000000cb14                z_thread_aligned_alloc
 .text.boot_banner
                0x000000000000cb44        0xc zephyr/kernel/libkernel.a(banner.c.obj)
                0x000000000000cb44                boot_banner
 .text.nrf_cc3xx_platform_init_no_rng
                0x000000000000cb50       0x38 /opt/nordic/ncs/v2.6.0/nrfxlib/crypto/nrf_cc312_platform/lib/cortex-m33/soft-float/no-interrupts/libnrf_cc312_platform_0.9.19.a(nrf_cc3xx_platform.c.obj)
                0x000000000000cb50                nrf_cc3xx_platform_init_no_rng
 .text.nrf_cc3xx_platform_abort
                0x000000000000cb88       0x24 /opt/nordic/ncs/v2.6.0/nrfxlib/crypto/nrf_cc312_platform/lib/cortex-m33/soft-float/no-interrupts/libnrf_cc312_platform_0.9.19.a(nrf_cc3xx_platform_abort.c.obj)
 .text.CC_PalAbort
                0x000000000000cbac       0x44 /opt/nordic/ncs/v2.6.0/nrfxlib/crypto/nrf_cc312_platform/lib/cortex-m33/soft-float/no-interrupts/libnrf_cc312_platform_0.9.19.a(nrf_cc3xx_platform_abort.c.obj)
                0x000000000000cbac                CC_PalAbort
 .text.nrf_cc3xx_platform_set_abort
                0x000000000000cbf0       0x10 /opt/nordic/ncs/v2.6.0/nrfxlib/crypto/nrf_cc312_platform/lib/cortex-m33/soft-float/no-interrupts/libnrf_cc312_platform_0.9.19.a(nrf_cc3xx_platform_abort.c.obj)
                0x000000000000cbf0                nrf_cc3xx_platform_set_abort
 .text.mutex_free
                0x000000000000cc00       0x34 /opt/nordic/ncs/v2.6.0/nrfxlib/crypto/nrf_cc312_platform/lib/cortex-m33/soft-float/no-interrupts/libnrf_cc312_platform_0.9.19.a(nrf_cc3xx_platform_mutex.c.obj)
 .text.mutex_lock
                0x000000000000cc34       0x48 /opt/nordic/ncs/v2.6.0/nrfxlib/crypto/nrf_cc312_platform/lib/cortex-m33/soft-float/no-interrupts/libnrf_cc312_platform_0.9.19.a(nrf_cc3xx_platform_mutex.c.obj)
 .text.mutex_unlock
                0x000000000000cc7c       0x38 /opt/nordic/ncs/v2.6.0/nrfxlib/crypto/nrf_cc312_platform/lib/cortex-m33/soft-float/no-interrupts/libnrf_cc312_platform_0.9.19.a(nrf_cc3xx_platform_mutex.c.obj)
 .text.mutex_init
                0x000000000000ccb4       0x20 /opt/nordic/ncs/v2.6.0/nrfxlib/crypto/nrf_cc312_platform/lib/cortex-m33/soft-float/no-interrupts/libnrf_cc312_platform_0.9.19.a(nrf_cc3xx_platform_mutex.c.obj)
 .text.nrf_cc3xx_platform_set_mutexes
                0x000000000000ccd4       0x78 /opt/nordic/ncs/v2.6.0/nrfxlib/crypto/nrf_cc312_platform/lib/cortex-m33/soft-float/no-interrupts/libnrf_cc312_platform_0.9.19.a(nrf_cc3xx_platform_mutex.c.obj)
                0x000000000000ccd4                nrf_cc3xx_platform_set_mutexes
 .text.CC_LibInitNoRng
                0x000000000000cd4c       0x28 /opt/nordic/ncs/v2.6.0/nrfxlib/crypto/nrf_cc312_platform/lib/cortex-m33/soft-float/no-interrupts/libnrf_cc312_platform_0.9.19.a(cc_lib.c.obj)
                0x000000000000cd4c                CC_LibInitNoRng
 .text.CC_HalInit
                0x000000000000cd74        0x4 /opt/nordic/ncs/v2.6.0/nrfxlib/crypto/nrf_cc312_platform/lib/cortex-m33/soft-float/no-interrupts/libnrf_cc312_platform_0.9.19.a(cc_hal.c.obj)
                0x000000000000cd74                CC_HalInit
 .text.CC_PalInit
                0x000000000000cd78       0x5c /opt/nordic/ncs/v2.6.0/nrfxlib/crypto/nrf_cc312_platform/lib/cortex-m33/soft-float/no-interrupts/libnrf_cc312_platform_0.9.19.a(cc_pal.c.obj)
                0x000000000000cd78                CC_PalInit
 .text.CC_PalTerminate
                0x000000000000cdd4       0x34 /opt/nordic/ncs/v2.6.0/nrfxlib/crypto/nrf_cc312_platform/lib/cortex-m33/soft-float/no-interrupts/libnrf_cc312_platform_0.9.19.a(cc_pal.c.obj)
                0x000000000000cdd4                CC_PalTerminate
 .text.CC_PalDmaInit
                0x000000000000ce08        0x4 /opt/nordic/ncs/v2.6.0/nrfxlib/crypto/nrf_cc312_platform/lib/cortex-m33/soft-float/no-interrupts/libnrf_cc312_platform_0.9.19.a(cc_pal_dma.c.obj)
                0x000000000000ce08                CC_PalDmaInit
 .text.CC_PalDmaTerminate
                0x000000000000ce0c        0x4 /opt/nordic/ncs/v2.6.0/nrfxlib/crypto/nrf_cc312_platform/lib/cortex-m33/soft-float/no-interrupts/libnrf_cc312_platform_0.9.19.a(cc_pal_dma.c.obj)
                0x000000000000ce0c                CC_PalDmaTerminate
 .text.CC_PalMutexCreate
                0x000000000000ce10       0x14 /opt/nordic/ncs/v2.6.0/nrfxlib/crypto/nrf_cc312_platform/lib/cortex-m33/soft-float/no-interrupts/libnrf_cc312_platform_0.9.19.a(cc_pal_mutex.c.obj)
                0x000000000000ce10                CC_PalMutexCreate
 .text.CC_PalMutexDestroy
                0x000000000000ce24       0x14 /opt/nordic/ncs/v2.6.0/nrfxlib/crypto/nrf_cc312_platform/lib/cortex-m33/soft-float/no-interrupts/libnrf_cc312_platform_0.9.19.a(cc_pal_mutex.c.obj)
                0x000000000000ce24                CC_PalMutexDestroy
 .text.CC_PalPowerSaveModeInit
                0x000000000000ce38       0x3c /opt/nordic/ncs/v2.6.0/nrfxlib/crypto/nrf_cc312_platform/lib/cortex-m33/soft-float/no-interrupts/libnrf_cc312_platform_0.9.19.a(cc_pal_pm.c.obj)
                0x000000000000ce38                CC_PalPowerSaveModeInit
 .text.snprintf
                0x000000000000ce74       0x58 /opt/nordic/ncs/toolchains/580e4ef81c/opt/zephyr-sdk/arm-zephyr-eabi/bin/../lib/gcc/../../picolibc/arm-zephyr-eabi/lib/thumb/v8-m.main/nofp/libc.a(libc_tinystdio_snprintf.c.o)
                0x000000000000ce74                snprintf
 .text.__l_vfprintf
                0x000000000000cecc      0x4b4 /opt/nordic/ncs/toolchains/580e4ef81c/opt/zephyr-sdk/arm-zephyr-eabi/bin/../lib/gcc/../../picolibc/arm-zephyr-eabi/lib/thumb/v8-m.main/nofp/libc.a(libc_tinystdio_vflprintf.c.o)
                0x000000000000cecc                __l_vfprintf
 .text._OffsetAbsSyms
                0x000000000000d380        0x2 zephyr/CMakeFiles/offsets.dir/./arch/arm/core/offsets/offsets.c.obj
                0x000000000000d380                _OffsetAbsSyms
 .text.cbpprintf_external
                0x000000000000d382       0x62 zephyr/libzephyr.a(cbprintf_packaged.c.obj)
                0x000000000000d382                cbpprintf_external
 .text.is_ptr   0x000000000000d3e4       0x4a zephyr/libzephyr.a(cbprintf_packaged.c.obj)
                0x000000000000d3e4                is_ptr
 .text.arch_printk_char_out
                0x000000000000d42e        0x4 zephyr/libzephyr.a(printk.c.obj)
                0x000000000000d42e                arch_printk_char_out
 .text.printk   0x000000000000d432       0x1a zephyr/libzephyr.a(printk.c.obj)
                0x000000000000d432                printk
 .text.vprintk  0x000000000000d44c        0x4 zephyr/libzephyr.a(printk.c.obj)
                0x000000000000d44c                vprintk
 .text.chunk_field
                0x000000000000d450       0x16 zephyr/libzephyr.a(heap.c.obj)
 .text.chunk_set
                0x000000000000d466       0x16 zephyr/libzephyr.a(heap.c.obj)
 .text.chunk_size
                0x000000000000d47c        0xc zephyr/libzephyr.a(heap.c.obj)
 .text.set_chunk_used
                0x000000000000d488       0x30 zephyr/libzephyr.a(heap.c.obj)
 .text.set_chunk_size
                0x000000000000d4b8        0x8 zephyr/libzephyr.a(heap.c.obj)
 .text.mem_to_chunkid
                0x000000000000d4c0       0x14 zephyr/libzephyr.a(heap.c.obj)
 .text.bucket_idx.isra.0
                0x000000000000d4d4       0x1c zephyr/libzephyr.a(heap.c.obj)
 .text.free_list_remove_bidx
                0x000000000000d4f0       0x5c zephyr/libzephyr.a(heap.c.obj)
 .text.free_list_remove
                0x000000000000d54c       0x2e zephyr/libzephyr.a(heap.c.obj)
 .text.alloc_chunk
                0x000000000000d57a       0x74 zephyr/libzephyr.a(heap.c.obj)
 .text.split_chunks
                0x000000000000d5ee       0x4e zephyr/libzephyr.a(heap.c.obj)
 .text.merge_chunks
                0x000000000000d63c       0x3c zephyr/libzephyr.a(heap.c.obj)
 .text.free_list_add
                0x000000000000d678       0x84 zephyr/libzephyr.a(heap.c.obj)
 .text.free_chunk
                0x000000000000d6fc       0x84 zephyr/libzephyr.a(heap.c.obj)
 .text.sys_heap_free
                0x000000000000d780       0x24 zephyr/libzephyr.a(heap.c.obj)
                0x000000000000d780                sys_heap_free
 .text.sys_heap_alloc
                0x000000000000d7a4       0x6e zephyr/libzephyr.a(heap.c.obj)
                0x000000000000d7a4                sys_heap_alloc
 .text.sys_heap_aligned_alloc
                0x000000000000d812       0xe8 zephyr/libzephyr.a(heap.c.obj)
                0x000000000000d812                sys_heap_aligned_alloc
 .text.sys_heap_init
                0x000000000000d8fa       0xb0 zephyr/libzephyr.a(heap.c.obj)
                0x000000000000d8fa                sys_heap_init
 .text.process_recheck
                0x000000000000d9aa       0x38 zephyr/libzephyr.a(onoff.c.obj)
 .text.validate_args